# C++ header-scanned doc functions (fully qualified) with NO mapped C API function
falcon_core::autotuner_interfaces::names::NameBase::num
falcon_core::communications::HDF5Data::from_file
falcon_core::generic::List::back
falcon_core::generic::Song::to_json_stream
falcon_core::generic::Song::to_json_string
falcon_core::instrument_interfaces::Waveform::confirm_knobs_match
falcon_core::instrument_interfaces::names::InstrumentPort::ExecutionClock
falcon_core::instrument_interfaces::names::InstrumentPort::Timer
falcon_core::instrument_interfaces::names::Ports::get_default_names
falcon_core::math::AnalyticFunction::Constant
falcon_core::math::AnalyticFunction::Identity
falcon_core::math::UnitSpace::make_discrete_axes
falcon_core::math::Vector::endPoint
falcon_core::math::Vector::extend
falcon_core::math::Vector::shrink
falcon_core::math::Vector::startPoint
falcon_core::math::arrays::Is1D::as_1D
falcon_core::math::arrays::Is1D::even_divisions
falcon_core::math::arrays::Is1D::get_closest_index
falcon_core::math::arrays::Is1D::reverse
falcon_core::math::arrays::IsControl::_determine_alignments
falcon_core::math::arrays::LabelledArrays::check_array_labels
falcon_core::math::discrete_spaces::Discretizer::CartesianDiscretizer
falcon_core::math::discrete_spaces::Discretizer::PolarDiscretizer
falcon_core::math::domains::Domain::bounds
falcon_core::math::domains::Domain::get_center
falcon_core::physics::config::ConfigManipulations::_extract_ohmics
falcon_core::physics::config::ConfigManipulations::unpack_device_config
falcon_core::physics::config::Loader::_load_config
falcon_core::physics::config::core::Config::check_group_consistency
falcon_core::physics::config::core::Config::check_impedance_consistency
falcon_core::physics::config::core::Config::compile_channels
falcon_core::physics::config::core::Config::wiring_DC
falcon_core::physics::config::core::StandardConfigConnections::barrier_gates
falcon_core::physics::config::core::StandardConfigConnections::dot_gates
falcon_core::physics::config::core::StandardConfigConnections::get_all_connections
falcon_core::physics::config::core::StandardConfigConnections::get_all_gates
falcon_core::physics::config::core::StandardConfigConnections::get_barrier_gate
falcon_core::physics::config::core::StandardConfigConnections::get_dot_gate
falcon_core::physics::config::core::StandardConfigConnections::get_gate
falcon_core::physics::config::core::StandardConfigConnections::get_ohmic
falcon_core::physics::config::core::StandardConfigConnections::get_plunger_gate
falcon_core::physics::config::core::StandardConfigConnections::get_reservoir_gate
falcon_core::physics::config::core::StandardConfigConnections::get_screening_gate
falcon_core::physics::config::core::StandardConfigConnections::has_barrier_gate
falcon_core::physics::config::core::StandardConfigConnections::has_gate
falcon_core::physics::config::core::StandardConfigConnections::has_ohmic
falcon_core::physics::config::core::StandardConfigConnections::has_plunger_gate
falcon_core::physics::config::core::StandardConfigConnections::has_reservoir_gate
falcon_core::physics::config::core::StandardConfigConnections::has_screening_gate
falcon_core::physics::config::core::StandardConfigConnections::plunger_gates
falcon_core::physics::config::core::StandardConfigConnections::reservoir_gates
falcon_core::physics::config::geometries::GateGeometryArray1D::lineararray
falcon_core::physics::config::geometries::HasImplantedOhmic::ohmic
falcon_core::physics::config::geometries::HasLeftNeighbor::left_neighbor
falcon_core::physics::config::geometries::HasRightNeighbor::right_neighbor
falcon_core::physics::device_structures::Connection::BarrierGate
falcon_core::physics::device_structures::Connection::Ohmic
falcon_core::physics::device_structures::Connection::PlungerGate
falcon_core::physics::device_structures::Connection::ReservoirGate
falcon_core::physics::device_structures::Connection::ScreeningGate
falcon_core::physics::units::Prefix::get_power_to_symbol_map
falcon_core::physics::units::Prefix::get_symbol
falcon_core::physics::units::Prefix::get_symbol_to_power_map
falcon_core::physics::units::Prefix::get_value
falcon_core::physics::units::Prefix::is_valid
falcon_core::physics::units::SymbolUnit::_find_matching_common_unit
falcon_core::physics::units::SymbolUnit::_generate_symbol
falcon_core::physics::units::SymbolUnit::_get_dimension_symbol
falcon_core::physics::units::Unit::dimensions
falcon_core::physics::units::Unit::get_giga
falcon_core::physics::units::Unit::get_kilo
falcon_core::physics::units::Unit::get_mega
falcon_core::physics::units::Unit::get_micro
falcon_core::physics::units::Unit::get_milli
falcon_core::physics::units::Unit::get_nano
falcon_core::physics::units::Unit::get_pico
falcon_core::physics::units::Unit::offset
falcon_core::physics::units::Unit::prefix
falcon_core::physics::units::Unit::scale_factor
