diff --git a/.github/workflows/deploy-docs.yml b/.github/workflows/deploy-docs.yml
new file mode 100644
index 00000000..d1cae192
--- /dev/null
+++ b/.github/workflows/deploy-docs.yml
@@ -0,0 +1,47 @@
+# Build mkdocs (runs mkdoxy + doxygen) and deploy the generated site to gh-pages
+# Triggers on pushes to the default branch (main). Adjust branch name if yours is different.
+name: Build and deploy MkDocs site
+
+on:
+  push:
+    branches:
+      - main
+
+permissions:
+  pages: write
+  contents: write
+
+jobs:
+  build-and-deploy:
+    runs-on: ubuntu-latest
+    steps:
+      - name: Checkout repository
+        uses: actions/checkout@v4
+        with:
+          fetch-depth: 0
+
+      - name: Set up Python
+        uses: actions/setup-python@v4
+        with:
+          python-version: "3.11"
+
+      - name: Install system dependencies
+        run: |
+          sudo apt-get update
+          sudo apt-get install -y doxygen graphviz
+
+      - name: Install Python dependencies
+        run: |
+          python -m pip install --upgrade pip
+          pip install mkdocs mkdocs-material mkdoxy mike
+
+      - name: Build MkDocs site (mkdoxy runs as a plugin)
+        run: |
+          mkdocs build --clean
+
+      - name: Deploy to GitHub Pages
+        uses: peaceiris/actions-gh-pages@v3
+        with:
+          github_token: ${{ secrets.GITHUB_TOKEN }}
+          publish_dir: ./site
+          publish_branch: gh-pages
diff --git a/.gitignore b/.gitignore
index 6ebbc208..dc1b0c84 100644
--- a/.gitignore
+++ b/.gitignore
@@ -74,6 +74,9 @@ docs/_notebooks
 docs/api/generated/
 docs/_auto
 
+# MkDocs build output
+site/
+
 # PyBuilder
 target/
 
diff --git a/docs/assets/icons/icon-128.png b/docs/assets/icons/icon-128.png
new file mode 100644
index 00000000..fbd5090e
Binary files /dev/null and b/docs/assets/icons/icon-128.png differ
diff --git a/docs/assets/icons/icon-16.png b/docs/assets/icons/icon-16.png
new file mode 100644
index 00000000..e8f5dd58
Binary files /dev/null and b/docs/assets/icons/icon-16.png differ
diff --git a/docs/assets/icons/icon-256.png b/docs/assets/icons/icon-256.png
new file mode 100644
index 00000000..b964d69e
Binary files /dev/null and b/docs/assets/icons/icon-256.png differ
diff --git a/docs/assets/icons/icon-32.png b/docs/assets/icons/icon-32.png
new file mode 100644
index 00000000..332fd892
Binary files /dev/null and b/docs/assets/icons/icon-32.png differ
diff --git a/docs/assets/icons/icon-48.png b/docs/assets/icons/icon-48.png
new file mode 100644
index 00000000..cd2ac4dc
Binary files /dev/null and b/docs/assets/icons/icon-48.png differ
diff --git a/docs/assets/icons/icon-64.png b/docs/assets/icons/icon-64.png
new file mode 100644
index 00000000..40971d6a
Binary files /dev/null and b/docs/assets/icons/icon-64.png differ
diff --git a/mkdocs.yml b/mkdocs.yml
new file mode 100644
index 00000000..6588ea4d
--- /dev/null
+++ b/mkdocs.yml
@@ -0,0 +1,99 @@
+site_name: Falcon Core Documentation
+site_description: Core utilities for autotuning quantum devices
+site_author: Falcon Autotuning Team
+repo_url: https://github.com/falcon-autotuning/falcon-core
+repo_name: falcon-autotuning/falcon-core
+
+theme:
+  name: material
+  palette:
+    - media: "(prefers-color-scheme)"
+      primary: pink
+      accent: pink
+      toggle:
+        icon: material/brightness-auto
+        name: "Switch to light mode"
+    - media: "(prefers-color-scheme: light)"
+      scheme: default
+      primary: pink
+      accent: pink
+      toggle:
+        icon: material/brightness-7
+        name: "Switch to dark mode"
+    - media: "(prefers-color-scheme: dark)"
+      scheme: slate
+      primary: pink
+      accent: pink
+      toggle:
+        icon: material/brightness-4
+        name: "Switch to system preference"
+  features:
+    - navigation.tabs
+    - navigation.sections
+    - navigation.expand
+    - navigation.top
+    - navigation.instant
+    - navigation.instant.prefetch
+    - navigation.instant.preview
+    - navigation.instant.progress
+    - navigation.path
+    - navigation.tracking
+    - search.suggest
+    - search.highlight
+    - content.code.copy
+    - content.code.annotate
+    - content.tabs.link
+    - announce.dismiss
+    - toc.follow
+  logo: assets/icons/icon-256.png
+  favicon: assets/icons/icon-256.png
+
+nav:
+  - Home: index.md
+  - Getting Started:
+      - Installation: installation.md
+      - Developer Guide: developer-guide.md
+  - Architecture:
+      - C++ Core: cpp-core.md
+      - C API: c-api.md
+      - Documentation Generation: code-docs.md
+  - API Reference:
+      # point explicitly to mkdoxy-generated index files
+      - C++ API: cpp-core/index.md
+      - C API: c-api/index.md
+
+markdown_extensions:
+  - admonition
+  - codehilite:
+      guess_lang: false
+  - toc:
+      permalink: true
+  - pymdownx.highlight:
+      anchor_linenums: true
+  - pymdownx.inlinehilite
+  - pymdownx.snippets
+  - pymdownx.superfences
+  - pymdownx.details
+  - pymdownx.tabbed:
+      alternate_style: true
+  - attr_list
+  - md_in_html
+
+plugins:
+  - search
+  - mkdoxy:
+      projects:
+        # rename project key from `cpp` -> `cpp-core` so mkdoxy generates docs/cpp-core/
+        cpp-core:
+          src-dirs: cpp/include
+          full-doc: true
+        c-api:
+          src-dirs: c-api/include
+          full-doc: true
+
+extra:
+  social:
+    - icon: material/github
+      link: https://github.com/falcon-autotuning/falcon-core
+  version:
+    provider: mike
