# C++ SCANNED (from headers, via extract_cpp_docs) functions with Doxygen (fully qualified)
falcon_core::autotuner_interfaces::contexts::AcquisitionContext
falcon_core::autotuner_interfaces::contexts::AcquisitionContext::from_context
falcon_core::autotuner_interfaces::contexts::AcquisitionContext::match_connection
falcon_core::autotuner_interfaces::contexts::AcquisitionContext::match_instrument_type
falcon_core::autotuner_interfaces::contexts::AcquisitionContext::units
falcon_core::autotuner_interfaces::contexts::BaseContext
falcon_core::autotuner_interfaces::contexts::BaseContext::connection
falcon_core::autotuner_interfaces::contexts::BaseContext::instrument_type
falcon_core::autotuner_interfaces::contexts::MeasurementContext
falcon_core::autotuner_interfaces::interpretations::InterpretationContainer
falcon_core::autotuner_interfaces::interpretations::InterpretationContainer::select_by_connection
falcon_core::autotuner_interfaces::interpretations::InterpretationContainer::select_by_connections
falcon_core::autotuner_interfaces::interpretations::InterpretationContainer::unit
falcon_core::autotuner_interfaces::interpretations::InterpretationContext
falcon_core::autotuner_interfaces::interpretations::InterpretationContext::add_dependent_variable
falcon_core::autotuner_interfaces::interpretations::InterpretationContext::dependent_variables
falcon_core::autotuner_interfaces::interpretations::InterpretationContext::dimension
falcon_core::autotuner_interfaces::interpretations::InterpretationContext::get_independent_variable
falcon_core::autotuner_interfaces::interpretations::InterpretationContext::independent_variables
falcon_core::autotuner_interfaces::interpretations::InterpretationContext::replace_dependent_variable
falcon_core::autotuner_interfaces::interpretations::InterpretationContext::unit
falcon_core::autotuner_interfaces::interpretations::InterpretationContext::with_unit
falcon_core::autotuner_interfaces::names::Channel
falcon_core::autotuner_interfaces::names::Channels
falcon_core::autotuner_interfaces::names::Gname::gname
falcon_core::autotuner_interfaces::names::NameBase::name
falcon_core::autotuner_interfaces::names::NameBase::num
falcon_core::communications::HDF5Data
falcon_core::communications::HDF5Data::from_communications
falcon_core::communications::HDF5Data::from_file
falcon_core::communications::HDF5Data::to_communications
falcon_core::communications::HDF5Data::to_file
falcon_core::communications::Time
falcon_core::communications::Time::micro_seconds_since_epoch
falcon_core::communications::Time::time
falcon_core::communications::Time::to_string
falcon_core::communications::voltage_states::DeviceVoltageStates
falcon_core::communications::voltage_states::DeviceVoltageStates::add_state
falcon_core::communications::voltage_states::DeviceVoltageStates::find_state
falcon_core::communications::voltage_states::DeviceVoltageStates::states
falcon_core::communications::voltage_states::DeviceVoltageStates::to_point
falcon_core::generic::FArray::flip
falcon_core::generic::FArray::gradient
falcon_core::generic::FArray::reshape
falcon_core::generic::List
falcon_core::generic::List::back
falcon_core::generic::List::clear
falcon_core::generic::List::erase_at
falcon_core::generic::List::intersection
falcon_core::generic::Map::keys
falcon_core::generic::Map::values
falcon_core::generic::Pair
falcon_core::generic::Pair::create
falcon_core::generic::Pair::first
falcon_core::generic::Pair::second
falcon_core::generic::Song::from_json_stream
falcon_core::generic::Song::from_json_string
falcon_core::generic::Song::serialize
falcon_core::generic::Song::to_json_stream
falcon_core::generic::Song::to_json_string
falcon_core::generic::xt::any
falcon_core::generic::xt::equal
falcon_core::generic::xt::sum
falcon_core::instrument_interfaces::Waveform
falcon_core::instrument_interfaces::Waveform::CartesianIdentityWaveform
falcon_core::instrument_interfaces::Waveform::CartesianIdentityWaveform1D
falcon_core::instrument_interfaces::Waveform::CartesianIdentityWaveform2D
falcon_core::instrument_interfaces::Waveform::CartesianWaveform
falcon_core::instrument_interfaces::Waveform::CartesianWaveform1D
falcon_core::instrument_interfaces::Waveform::CartesianWaveform2D
falcon_core::instrument_interfaces::Waveform::confirm_knobs_match
falcon_core::instrument_interfaces::Waveform::space
falcon_core::instrument_interfaces::names::InstrumentPort
falcon_core::instrument_interfaces::names::InstrumentPort::ExecutionClock
falcon_core::instrument_interfaces::names::InstrumentPort::Knob
falcon_core::instrument_interfaces::names::InstrumentPort::Meter
falcon_core::instrument_interfaces::names::InstrumentPort::Timer
falcon_core::instrument_interfaces::names::InstrumentPort::default_name
falcon_core::instrument_interfaces::names::InstrumentPort::description
falcon_core::instrument_interfaces::names::InstrumentPort::instrument_facing_name
falcon_core::instrument_interfaces::names::InstrumentPort::instrument_type
falcon_core::instrument_interfaces::names::InstrumentPort::is_knob
falcon_core::instrument_interfaces::names::InstrumentPort::is_meter
falcon_core::instrument_interfaces::names::InstrumentPort::is_port
falcon_core::instrument_interfaces::names::InstrumentPort::pseudo_name
falcon_core::instrument_interfaces::names::InstrumentPort::units
falcon_core::instrument_interfaces::names::Ports
falcon_core::instrument_interfaces::names::Ports::_get_instrument_facing_names
falcon_core::instrument_interfaces::names::Ports::_get_instrument_type_matching_port
falcon_core::instrument_interfaces::names::Ports::_get_psuedoname_matching_port
falcon_core::instrument_interfaces::names::Ports::_get_raw_names
falcon_core::instrument_interfaces::names::Ports::get_default_names
falcon_core::instrument_interfaces::names::Ports::get_pseudo_names
falcon_core::instrument_interfaces::names::Ports::is_knobs
falcon_core::instrument_interfaces::names::Ports::is_meters
falcon_core::instrument_interfaces::names::Ports::ports
falcon_core::instrument_interfaces::port_transforms::PortTransform
falcon_core::instrument_interfaces::port_transforms::PortTransform::ConstantTransform
falcon_core::instrument_interfaces::port_transforms::PortTransform::IdentityTransform
falcon_core::instrument_interfaces::port_transforms::PortTransform::port
falcon_core::instrument_interfaces::port_transforms::PortTransforms
falcon_core::math::AnalyticFunction
falcon_core::math::AnalyticFunction::Constant
falcon_core::math::AnalyticFunction::Identity
falcon_core::math::AnalyticFunction::checkSafeEvaluateArgs
falcon_core::math::AnalyticFunction::evaluate
falcon_core::math::AnalyticFunction::labels
falcon_core::math::Axes
falcon_core::math::Point::connections
falcon_core::math::Point::coordinates
falcon_core::math::Point::insert
falcon_core::math::Point::insert_or_assign
falcon_core::math::Point::unit
falcon_core::math::Quantity
falcon_core::math::Quantity::convert_to
falcon_core::math::Quantity::unit
falcon_core::math::Quantity::value
falcon_core::math::UnitSpace
falcon_core::math::UnitSpace::Cartesian1DSpace
falcon_core::math::UnitSpace::Cartesian2DSpace
falcon_core::math::UnitSpace::CartesianSpace
falcon_core::math::UnitSpace::RaySpace
falcon_core::math::UnitSpace::axes
falcon_core::math::UnitSpace::compile
falcon_core::math::UnitSpace::create_array
falcon_core::math::UnitSpace::dimension
falcon_core::math::UnitSpace::domain
falcon_core::math::UnitSpace::make_discrete_axes
falcon_core::math::UnitSpace::shape
falcon_core::math::UnitSpace::space
falcon_core::math::Vector::connections
falcon_core::math::Vector::endPoint
falcon_core::math::Vector::end_map
falcon_core::math::Vector::end_quantities
falcon_core::math::Vector::extend
falcon_core::math::Vector::magnitude
falcon_core::math::Vector::normalize
falcon_core::math::Vector::principle_connection
falcon_core::math::Vector::project
falcon_core::math::Vector::shrink
falcon_core::math::Vector::startPoint
falcon_core::math::Vector::start_map
falcon_core::math::Vector::start_quantities
falcon_core::math::Vector::translate
falcon_core::math::Vector::translate_to_origin
falcon_core::math::Vector::unit
falcon_core::math::Vector::unit_vector
falcon_core::math::Vector::update_start_from_states
falcon_core::math::Vector::update_unit
falcon_core::math::arrays::ControlArray1D::flip
falcon_core::math::arrays::ControlArray1D::gradient
falcon_core::math::arrays::ControlArray1D::max
falcon_core::math::arrays::ControlArray1D::min
falcon_core::math::arrays::ControlArray1D::reshape
falcon_core::math::arrays::ControlArray::flip
falcon_core::math::arrays::ControlArray::max
falcon_core::math::arrays::ControlArray::min
falcon_core::math::arrays::ControlArray::reshape
falcon_core::math::arrays::IncreasingAlignment::alignment
falcon_core::math::arrays::Is1D::as_1D
falcon_core::math::arrays::Is1D::even_divisions
falcon_core::math::arrays::Is1D::get_closest_index
falcon_core::math::arrays::Is1D::get_distance
falcon_core::math::arrays::Is1D::get_end
falcon_core::math::arrays::Is1D::get_mean
falcon_core::math::arrays::Is1D::get_start
falcon_core::math::arrays::Is1D::get_std
falcon_core::math::arrays::Is1D::is_1D
falcon_core::math::arrays::Is1D::is_decreasing
falcon_core::math::arrays::Is1D::is_increasing
falcon_core::math::arrays::Is1D::reverse
falcon_core::math::arrays::IsControl::_determine_alignments
falcon_core::math::arrays::IsControl::alignment
falcon_core::math::arrays::IsControl::principle_dimension
falcon_core::math::arrays::IsControl::update_alignments
falcon_core::math::arrays::IsLabelled::flip
falcon_core::math::arrays::IsLabelled::gradient
falcon_core::math::arrays::LabelledArrays::LabelledControlArrays
falcon_core::math::arrays::LabelledArrays::LabelledMeasuredArrays
falcon_core::math::arrays::LabelledArrays::arrays
falcon_core::math::arrays::LabelledArrays::check_array_labels
falcon_core::math::arrays::LabelledArrays::is_control_arrays
falcon_core::math::arrays::LabelledArrays::is_measured_arrays
falcon_core::math::arrays::LabelledArrays::labels
falcon_core::math::arrays::LabelledControlArray
falcon_core::math::arrays::LabelledControlArray1D
falcon_core::math::arrays::LabelledControlArray1D::flip
falcon_core::math::arrays::LabelledControlArray1D::gradient
falcon_core::math::arrays::LabelledControlArray1D::max
falcon_core::math::arrays::LabelledControlArray1D::min
falcon_core::math::arrays::LabelledControlArray1D::reshape
falcon_core::math::arrays::LabelledControlArray::flip
falcon_core::math::arrays::LabelledControlArray::gradient
falcon_core::math::arrays::LabelledControlArray::max
falcon_core::math::arrays::LabelledControlArray::min
falcon_core::math::arrays::LabelledControlArray::reshape
falcon_core::math::arrays::LabelledMeasuredArray
falcon_core::math::arrays::LabelledMeasuredArray1D
falcon_core::math::arrays::LabelledMeasuredArray1D::flip
falcon_core::math::arrays::LabelledMeasuredArray1D::gradient
falcon_core::math::arrays::LabelledMeasuredArray1D::max
falcon_core::math::arrays::LabelledMeasuredArray1D::min
falcon_core::math::arrays::LabelledMeasuredArray1D::reshape
falcon_core::math::arrays::LabelledMeasuredArray::flip
falcon_core::math::arrays::LabelledMeasuredArray::gradient
falcon_core::math::arrays::LabelledMeasuredArray::max
falcon_core::math::arrays::LabelledMeasuredArray::min
falcon_core::math::arrays::LabelledMeasuredArray::reshape
falcon_core::math::arrays::MeasuredArray1D::flip
falcon_core::math::arrays::MeasuredArray1D::gradient
falcon_core::math::arrays::MeasuredArray1D::max
falcon_core::math::arrays::MeasuredArray1D::min
falcon_core::math::arrays::MeasuredArray1D::reshape
falcon_core::math::arrays::MeasuredArray::flip
falcon_core::math::arrays::MeasuredArray::gradient
falcon_core::math::arrays::MeasuredArray::max
falcon_core::math::arrays::MeasuredArray::min
falcon_core::math::arrays::MeasuredArray::reshape
falcon_core::math::discrete_spaces::DiscreteSpace
falcon_core::math::discrete_spaces::DiscreteSpace::CartesianDiscreteSpace
falcon_core::math::discrete_spaces::DiscreteSpace::CartesianDiscreteSpace1D
falcon_core::math::discrete_spaces::DiscreteSpace::axes
falcon_core::math::discrete_spaces::DiscreteSpace::get_axis
falcon_core::math::discrete_spaces::DiscreteSpace::get_domain
falcon_core::math::discrete_spaces::DiscreteSpace::get_projection
falcon_core::math::discrete_spaces::DiscreteSpace::increasing
falcon_core::math::discrete_spaces::DiscreteSpace::knobs
falcon_core::math::discrete_spaces::DiscreteSpace::space
falcon_core::math::discrete_spaces::DiscreteSpace::validate_knob_uniqueness
falcon_core::math::discrete_spaces::DiscreteSpace::validate_unit_space_dimensionality_matches_knobs
falcon_core::math::discrete_spaces::Discretizer
falcon_core::math::discrete_spaces::Discretizer::CartesianDiscretizer
falcon_core::math::discrete_spaces::Discretizer::PolarDiscretizer
falcon_core::math::discrete_spaces::Discretizer::is_cartesian
falcon_core::math::discrete_spaces::Discretizer::is_polar
falcon_core::math::domains::CoupledLabelledDomain
falcon_core::math::domains::CoupledLabelledDomain::domains
falcon_core::math::domains::CoupledLabelledDomain::get_domain
falcon_core::math::domains::CoupledLabelledDomain::labels
falcon_core::math::domains::Domain
falcon_core::math::domains::Domain::bounds
falcon_core::math::domains::Domain::calculate_transform
falcon_core::math::domains::Domain::contains_domain
falcon_core::math::domains::Domain::get_center
falcon_core::math::domains::Domain::greater_bound
falcon_core::math::domains::Domain::greater_bound_contained
falcon_core::math::domains::Domain::in
falcon_core::math::domains::Domain::is_empty
falcon_core::math::domains::Domain::lesser_bound
falcon_core::math::domains::Domain::lesser_bound_contained
falcon_core::math::domains::Domain::range
falcon_core::math::domains::Domain::scale
falcon_core::math::domains::Domain::shift
falcon_core::math::domains::Domain::transform
falcon_core::math::domains::LabelledDomain
falcon_core::math::domains::LabelledDomain::domain
falcon_core::math::domains::LabelledDomain::from_domain
falcon_core::math::domains::LabelledDomain::from_port
falcon_core::math::domains::LabelledDomain::from_port_and_domain
falcon_core::math::domains::LabelledDomain::matching_port
falcon_core::math::domains::LabelledDomain::port
falcon_core::math::list_check_and_deref
falcon_core::physics::config::ConfigManipulations::_extract_adjacency
falcon_core::physics::config::ConfigManipulations::_extract_barrier_gates
falcon_core::physics::config::ConfigManipulations::_extract_dcwiring
falcon_core::physics::config::ConfigManipulations::_extract_ohmics
falcon_core::physics::config::ConfigManipulations::_extract_order
falcon_core::physics::config::ConfigManipulations::_extract_plunger_gates
falcon_core::physics::config::ConfigManipulations::_extract_reservoir_gates
falcon_core::physics::config::ConfigManipulations::_extract_screening_gates
falcon_core::physics::config::ConfigManipulations::_extract_standard_config_connections
falcon_core::physics::config::ConfigManipulations::_extract_standard_group_config_connections
falcon_core::physics::config::ConfigManipulations::_extract_voltage_constraints
falcon_core::physics::config::ConfigManipulations::unpack_device_config
falcon_core::physics::config::Loader
falcon_core::physics::config::Loader::_load_config
falcon_core::physics::config::Loader::config
falcon_core::physics::config::core::Adjacency::get_true_pairs
falcon_core::physics::config::core::Adjacency::indexes
falcon_core::physics::config::core::Config
falcon_core::physics::config::core::Config::channels
falcon_core::physics::config::core::Config::check_group_consistency
falcon_core::physics::config::core::Config::check_impedance_consistency
falcon_core::physics::config::core::Config::compile_channels
falcon_core::physics::config::core::Config::generate_gate_relations
falcon_core::physics::config::core::Config::get_all_gnames
falcon_core::physics::config::core::Config::get_all_groups
falcon_core::physics::config::core::Config::get_associated_ohmic
falcon_core::physics::config::core::Config::get_barrier_gate_dict
falcon_core::physics::config::core::Config::get_channel_barrier_gates
falcon_core::physics::config::core::Config::get_channel_dot_gates
falcon_core::physics::config::core::Config::get_channel_gates
falcon_core::physics::config::core::Config::get_channel_ohmics
falcon_core::physics::config::core::Config::get_channel_order_no_ohmics
falcon_core::physics::config::core::Config::get_channel_plunger_gates
falcon_core::physics::config::core::Config::get_channel_reservoir_gates
falcon_core::physics::config::core::Config::get_channel_screening_gates
falcon_core::physics::config::core::Config::get_charge_sense_groups
falcon_core::physics::config::core::Config::get_current_channels
falcon_core::physics::config::core::Config::get_dot_channel_neighbors
falcon_core::physics::config::core::Config::get_dot_gate_dict
falcon_core::physics::config::core::Config::get_dot_number
falcon_core::physics::config::core::Config::get_gate_dict
falcon_core::physics::config::core::Config::get_gname
falcon_core::physics::config::core::Config::get_group_barrier_gates
falcon_core::physics::config::core::Config::get_group_dot_gates
falcon_core::physics::config::core::Config::get_group_gates
falcon_core::physics::config::core::Config::get_group_plunger_gates
falcon_core::physics::config::core::Config::get_group_reservoir_gates
falcon_core::physics::config::core::Config::get_group_screening_gates
falcon_core::physics::config::core::Config::get_impedance
falcon_core::physics::config::core::Config::get_isolated_barrier_gates
falcon_core::physics::config::core::Config::get_isolated_barrier_gates_by_channel
falcon_core::physics::config::core::Config::get_isolated_channel_barrier_gates
falcon_core::physics::config::core::Config::get_isolated_channel_dot_gates
falcon_core::physics::config::core::Config::get_isolated_channel_gates
falcon_core::physics::config::core::Config::get_isolated_channel_plunger_gates
falcon_core::physics::config::core::Config::get_isolated_channel_reservoir_gates
falcon_core::physics::config::core::Config::get_isolated_channel_screening_gates
falcon_core::physics::config::core::Config::get_isolated_dot_gates
falcon_core::physics::config::core::Config::get_isolated_dot_gates_by_channel
falcon_core::physics::config::core::Config::get_isolated_gates
falcon_core::physics::config::core::Config::get_isolated_gates_by_channel
falcon_core::physics::config::core::Config::get_isolated_plunger_gates
falcon_core::physics::config::core::Config::get_isolated_plunger_gates_by_channel
falcon_core::physics::config::core::Config::get_isolated_reservoir_gates
falcon_core::physics::config::core::Config::get_isolated_reservoir_gates_by_channel
falcon_core::physics::config::core::Config::get_isolated_screening_gates
falcon_core::physics::config::core::Config::get_isolated_screening_gates_by_channel
falcon_core::physics::config::core::Config::get_num_unique_channels
falcon_core::physics::config::core::Config::get_plunger_gate_dict
falcon_core::physics::config::core::Config::get_reservoir_gate_dict
falcon_core::physics::config::core::Config::get_screening_gate_dict
falcon_core::physics::config::core::Config::get_shared_barrier_gates
falcon_core::physics::config::core::Config::get_shared_channel_barrier_gates
falcon_core::physics::config::core::Config::get_shared_channel_dot_gates
falcon_core::physics::config::core::Config::get_shared_channel_gates
falcon_core::physics::config::core::Config::get_shared_channel_plunger_gates
falcon_core::physics::config::core::Config::get_shared_channel_reservoir_gates
falcon_core::physics::config::core::Config::get_shared_channel_screening_gates
falcon_core::physics::config::core::Config::get_shared_dot_gates
falcon_core::physics::config::core::Config::get_shared_gates
falcon_core::physics::config::core::Config::get_shared_plunger_gates
falcon_core::physics::config::core::Config::get_shared_reservoir_gates
falcon_core::physics::config::core::Config::get_shared_screening_gates
falcon_core::physics::config::core::Config::groups
falcon_core::physics::config::core::Config::has_channel
falcon_core::physics::config::core::Config::has_gname
falcon_core::physics::config::core::Config::num_unique_channels
falcon_core::physics::config::core::Config::ohmic_in_channel
falcon_core::physics::config::core::Config::ohmic_in_charge_sensor
falcon_core::physics::config::core::Config::return_channel_from_gate
falcon_core::physics::config::core::Config::return_channels_from_gate
falcon_core::physics::config::core::Config::select_group
falcon_core::physics::config::core::Config::voltage_constraints
falcon_core::physics::config::core::Config::wiring_DC
falcon_core::physics::config::core::Group
falcon_core::physics::config::core::Group::get_all_channel_gates
falcon_core::physics::config::core::Group::has_channel
falcon_core::physics::config::core::Group::is_charge_sensor
falcon_core::physics::config::core::Group::name
falcon_core::physics::config::core::Group::num_dots
falcon_core::physics::config::core::Group::ohmics
falcon_core::physics::config::core::Group::order
falcon_core::physics::config::core::StandardConfigConnections
falcon_core::physics::config::core::StandardConfigConnections::barrier_gates
falcon_core::physics::config::core::StandardConfigConnections::dot_gates
falcon_core::physics::config::core::StandardConfigConnections::get_all_connections
falcon_core::physics::config::core::StandardConfigConnections::get_all_gates
falcon_core::physics::config::core::StandardConfigConnections::get_barrier_gate
falcon_core::physics::config::core::StandardConfigConnections::get_dot_gate
falcon_core::physics::config::core::StandardConfigConnections::get_gate
falcon_core::physics::config::core::StandardConfigConnections::get_ohmic
falcon_core::physics::config::core::StandardConfigConnections::get_plunger_gate
falcon_core::physics::config::core::StandardConfigConnections::get_reservoir_gate
falcon_core::physics::config::core::StandardConfigConnections::get_screening_gate
falcon_core::physics::config::core::StandardConfigConnections::has_barrier_gate
falcon_core::physics::config::core::StandardConfigConnections::has_gate
falcon_core::physics::config::core::StandardConfigConnections::has_ohmic
falcon_core::physics::config::core::StandardConfigConnections::has_plunger_gate
falcon_core::physics::config::core::StandardConfigConnections::has_reservoir_gate
falcon_core::physics::config::core::StandardConfigConnections::has_screening_gate
falcon_core::physics::config::core::StandardConfigConnections::ohmics
falcon_core::physics::config::core::StandardConfigConnections::plunger_gates
falcon_core::physics::config::core::StandardConfigConnections::reservoir_gates
falcon_core::physics::config::core::StandardConfigConnections::screening_gates
falcon_core::physics::config::core::VoltageConstraints::adjacency
falcon_core::physics::config::core::VoltageConstraints::limits
falcon_core::physics::config::core::VoltageConstraints::matrix
falcon_core::physics::config::geometries::DotGatesWithNeighbors
falcon_core::physics::config::geometries::DotGatesWithNeighbors::is_barrier_gates
falcon_core::physics::config::geometries::DotGatesWithNeighbors::is_plunger_gates
falcon_core::physics::config::geometries::GateGeometryArray1D
falcon_core::physics::config::geometries::GateGeometryArray1D::all_dot_gates
falcon_core::physics::config::geometries::GateGeometryArray1D::append_central_gate
falcon_core::physics::config::geometries::GateGeometryArray1D::central_dot_gates
falcon_core::physics::config::geometries::GateGeometryArray1D::left_barrier
falcon_core::physics::config::geometries::GateGeometryArray1D::left_reservoir
falcon_core::physics::config::geometries::GateGeometryArray1D::lineararray
falcon_core::physics::config::geometries::GateGeometryArray1D::ohmics
falcon_core::physics::config::geometries::GateGeometryArray1D::query_neighbors
falcon_core::physics::config::geometries::GateGeometryArray1D::raw_central_gates
falcon_core::physics::config::geometries::GateGeometryArray1D::right_barrier
falcon_core::physics::config::geometries::GateGeometryArray1D::right_reservoir
falcon_core::physics::config::geometries::GateGeometryArray1D::screening_gates
falcon_core::physics::config::geometries::HasImplantedOhmic::ohmic
falcon_core::physics::config::geometries::HasLeftNeighbor::left_neighbor
falcon_core::physics::config::geometries::HasRightNeighbor::right_neighbor
falcon_core::physics::device_structures::Connection
falcon_core::physics::device_structures::Connection::BarrierGate
falcon_core::physics::device_structures::Connection::Ohmic
falcon_core::physics::device_structures::Connection::PlungerGate
falcon_core::physics::device_structures::Connection::ReservoirGate
falcon_core::physics::device_structures::Connection::ScreeningGate
falcon_core::physics::device_structures::Connection::is_barrier_gate
falcon_core::physics::device_structures::Connection::is_dot_gate
falcon_core::physics::device_structures::Connection::is_gate
falcon_core::physics::device_structures::Connection::is_ohmic
falcon_core::physics::device_structures::Connection::is_plunger_gate
falcon_core::physics::device_structures::Connection::is_reservoir_gate
falcon_core::physics::device_structures::Connection::is_screening_gate
falcon_core::physics::device_structures::Connection::name
falcon_core::physics::device_structures::Connection::type
falcon_core::physics::device_structures::Connections
falcon_core::physics::device_structures::Connections::intersection
falcon_core::physics::device_structures::Connections::is_barrier_gates
falcon_core::physics::device_structures::Connections::is_dot_gates
falcon_core::physics::device_structures::Connections::is_gates
falcon_core::physics::device_structures::Connections::is_ohmics
falcon_core::physics::device_structures::Connections::is_plunger_gates
falcon_core::physics::device_structures::Connections::is_reservoir_gates
falcon_core::physics::device_structures::Connections::is_screening_gates
falcon_core::physics::device_structures::GateRelations::insert
falcon_core::physics::device_structures::GateRelations::insert_or_assign
falcon_core::physics::device_structures::Impedance::capacitance
falcon_core::physics::device_structures::Impedance::connection
falcon_core::physics::device_structures::Impedance::resistance
falcon_core::physics::units::Prefix::get_power_to_symbol_map
falcon_core::physics::units::Prefix::get_symbol
falcon_core::physics::units::Prefix::get_symbol_to_power_map
falcon_core::physics::units::Prefix::get_value
falcon_core::physics::units::Prefix::is_valid
falcon_core::physics::units::Prefix::prefix_multiplication
falcon_core::physics::units::SymbolUnit
falcon_core::physics::units::SymbolUnit::Ampere
falcon_core::physics::units::SymbolUnit::AmperesPerMeter
falcon_core::physics::units::SymbolUnit::Candela
falcon_core::physics::units::SymbolUnit::Celsius
falcon_core::physics::units::SymbolUnit::Coulomb
falcon_core::physics::units::SymbolUnit::Dimensionless
falcon_core::physics::units::SymbolUnit::ElectronVolt
falcon_core::physics::units::SymbolUnit::Fahrenheit
falcon_core::physics::units::SymbolUnit::Farad
falcon_core::physics::units::SymbolUnit::GigaHertz
falcon_core::physics::units::SymbolUnit::Henry
falcon_core::physics::units::SymbolUnit::Hertz
falcon_core::physics::units::SymbolUnit::Hour
falcon_core::physics::units::SymbolUnit::Joule
falcon_core::physics::units::SymbolUnit::Kelvin
falcon_core::physics::units::SymbolUnit::KiloHertz
falcon_core::physics::units::SymbolUnit::KiloMeter
falcon_core::physics::units::SymbolUnit::KiloOhm
falcon_core::physics::units::SymbolUnit::KiloVolt
falcon_core::physics::units::SymbolUnit::Kilogram
falcon_core::physics::units::SymbolUnit::MegaHertz
falcon_core::physics::units::SymbolUnit::MegaOhm
falcon_core::physics::units::SymbolUnit::Meter
falcon_core::physics::units::SymbolUnit::MetersPerSecond
falcon_core::physics::units::SymbolUnit::MetersPerSecondSquared
falcon_core::physics::units::SymbolUnit::MicroAmpere
falcon_core::physics::units::SymbolUnit::MicroSecond
falcon_core::physics::units::SymbolUnit::MilliAmpere
falcon_core::physics::units::SymbolUnit::MilliHertz
falcon_core::physics::units::SymbolUnit::MilliMeter
falcon_core::physics::units::SymbolUnit::MilliOhm
falcon_core::physics::units::SymbolUnit::MilliSecond
falcon_core::physics::units::SymbolUnit::MilliVolt
falcon_core::physics::units::SymbolUnit::Minute
falcon_core::physics::units::SymbolUnit::Mole
falcon_core::physics::units::SymbolUnit::NanoAmpere
falcon_core::physics::units::SymbolUnit::NanoSecond
falcon_core::physics::units::SymbolUnit::Newton
falcon_core::physics::units::SymbolUnit::NewtonMeter
falcon_core::physics::units::SymbolUnit::NewtonPerMeter
falcon_core::physics::units::SymbolUnit::Ohm
falcon_core::physics::units::SymbolUnit::Pascal
falcon_core::physics::units::SymbolUnit::Percent
falcon_core::physics::units::SymbolUnit::PicoAmpere
falcon_core::physics::units::SymbolUnit::PicoSecond
falcon_core::physics::units::SymbolUnit::Radian
falcon_core::physics::units::SymbolUnit::Second
falcon_core::physics::units::SymbolUnit::Siemens
falcon_core::physics::units::SymbolUnit::Tesla
falcon_core::physics::units::SymbolUnit::Volt
falcon_core::physics::units::SymbolUnit::VoltsPerAmpere
falcon_core::physics::units::SymbolUnit::VoltsPerMeter
falcon_core::physics::units::SymbolUnit::VoltsPerSecond
falcon_core::physics::units::SymbolUnit::Watt
falcon_core::physics::units::SymbolUnit::WattsPerMeterKelvin
falcon_core::physics::units::SymbolUnit::Weber
falcon_core::physics::units::SymbolUnit::_find_matching_common_unit
falcon_core::physics::units::SymbolUnit::_generate_symbol
falcon_core::physics::units::SymbolUnit::_get_dimension_symbol
falcon_core::physics::units::SymbolUnit::apply
falcon_core::physics::units::SymbolUnit::convert_value_to
falcon_core::physics::units::SymbolUnit::is_compatible_with
falcon_core::physics::units::SymbolUnit::name
falcon_core::physics::units::SymbolUnit::symbol
falcon_core::physics::units::SymbolUnit::unit
falcon_core::physics::units::Unit::Ampere
falcon_core::physics::units::Unit::Candela
falcon_core::physics::units::Unit::Celsius
falcon_core::physics::units::Unit::Coulomb
falcon_core::physics::units::Unit::Dimensionless
falcon_core::physics::units::Unit::ElectronVolt
falcon_core::physics::units::Unit::Fahrenheit
falcon_core::physics::units::Unit::Farad
falcon_core::physics::units::Unit::Henry
falcon_core::physics::units::Unit::Hertz
falcon_core::physics::units::Unit::Hour
falcon_core::physics::units::Unit::Joule
falcon_core::physics::units::Unit::Kelvin
falcon_core::physics::units::Unit::Kilogram
falcon_core::physics::units::Unit::Meter
falcon_core::physics::units::Unit::Minute
falcon_core::physics::units::Unit::Mole
falcon_core::physics::units::Unit::Newton
falcon_core::physics::units::Unit::Ohm
falcon_core::physics::units::Unit::Pascal
falcon_core::physics::units::Unit::Percent
falcon_core::physics::units::Unit::Radian
falcon_core::physics::units::Unit::Second
falcon_core::physics::units::Unit::Siemens
falcon_core::physics::units::Unit::Tesla
falcon_core::physics::units::Unit::Volt
falcon_core::physics::units::Unit::Watt
falcon_core::physics::units::Unit::Weber
falcon_core::physics::units::Unit::apply
falcon_core::physics::units::Unit::convert_value_to
falcon_core::physics::units::Unit::dimensions
falcon_core::physics::units::Unit::get_giga
falcon_core::physics::units::Unit::get_kilo
falcon_core::physics::units::Unit::get_mega
falcon_core::physics::units::Unit::get_micro
falcon_core::physics::units::Unit::get_milli
falcon_core::physics::units::Unit::get_nano
falcon_core::physics::units::Unit::get_pico
falcon_core::physics::units::Unit::is_compatible_with
falcon_core::physics::units::Unit::offset
falcon_core::physics::units::Unit::prefix
falcon_core::physics::units::Unit::scale_factor
