Wrote /home/zach/Documents/github/FALCon/falcon-core/cpp_metadata/include/falcon_core/autotuner_interfaces/contexts/AcquisitionContext_metadata.yml
Wrote /home/zach/Documents/github/FALCon/falcon-core/cpp_metadata/include/falcon_core/autotuner_interfaces/contexts/BaseContext_metadata.yml
Wrote /home/zach/Documents/github/FALCon/falcon-core/cpp_metadata/include/falcon_core/autotuner_interfaces/contexts/MeasurementContext_metadata.yml
Wrote /home/zach/Documents/github/FALCon/falcon-core/cpp_metadata/include/falcon_core/autotuner_interfaces/interpretations/InterpretationContainer_metadata.yml
Wrote /home/zach/Documents/github/FALCon/falcon-core/cpp_metadata/include/falcon_core/autotuner_interfaces/interpretations/InterpretationContext_metadata.yml
Wrote /home/zach/Documents/github/FALCon/falcon-core/cpp_metadata/include/falcon_core/autotuner_interfaces/names/Channel_metadata.yml
Wrote /home/zach/Documents/github/FALCon/falcon-core/cpp_metadata/include/falcon_core/autotuner_interfaces/names/Channels_metadata.yml
Wrote /home/zach/Documents/github/FALCon/falcon-core/cpp_metadata/include/falcon_core/autotuner_interfaces/names/Gname_metadata.yml
Wrote /home/zach/Documents/github/FALCon/falcon-core/cpp_metadata/include/falcon_core/autotuner_interfaces/names/NameBase_metadata.yml
Wrote /home/zach/Documents/github/FALCon/falcon-core/cpp_metadata/include/falcon_core/communications/HDF5Data_metadata.yml
Wrote /home/zach/Documents/github/FALCon/falcon-core/cpp_metadata/include/falcon_core/communications/Time_metadata.yml
Wrote /home/zach/Documents/github/FALCon/falcon-core/cpp_metadata/include/falcon_core/communications/voltage_states/DeviceVoltageStates_metadata.yml
Wrote /home/zach/Documents/github/FALCon/falcon-core/cpp_metadata/include/falcon_core/generic/FArray_metadata.yml
Wrote /home/zach/Documents/github/FALCon/falcon-core/cpp_metadata/include/falcon_core/generic/List_metadata.yml
Wrote /home/zach/Documents/github/FALCon/falcon-core/cpp_metadata/include/falcon_core/generic/Map_metadata.yml
Wrote /home/zach/Documents/github/FALCon/falcon-core/cpp_metadata/include/falcon_core/generic/Pair_metadata.yml
Wrote /home/zach/Documents/github/FALCon/falcon-core/cpp_metadata/include/falcon_core/generic/Song_metadata.yml
Wrote /home/zach/Documents/github/FALCon/falcon-core/cpp_metadata/include/falcon_core/instrument_interfaces/Waveform_metadata.yml
Wrote /home/zach/Documents/github/FALCon/falcon-core/cpp_metadata/include/falcon_core/instrument_interfaces/names/InstrumentPort_metadata.yml
Wrote /home/zach/Documents/github/FALCon/falcon-core/cpp_metadata/include/falcon_core/instrument_interfaces/names/Ports_metadata.yml
Wrote /home/zach/Documents/github/FALCon/falcon-core/cpp_metadata/include/falcon_core/instrument_interfaces/port_transforms/PortTransform_metadata.yml
Wrote /home/zach/Documents/github/FALCon/falcon-core/cpp_metadata/include/falcon_core/instrument_interfaces/port_transforms/PortTransforms_metadata.yml
Wrote /home/zach/Documents/github/FALCon/falcon-core/cpp_metadata/include/falcon_core/math/AnalyticFunction_metadata.yml
Wrote /home/zach/Documents/github/FALCon/falcon-core/cpp_metadata/include/falcon_core/math/Axes_metadata.yml
Wrote /home/zach/Documents/github/FALCon/falcon-core/cpp_metadata/include/falcon_core/math/Point_metadata.yml
Wrote /home/zach/Documents/github/FALCon/falcon-core/cpp_metadata/include/falcon_core/math/Quantity_metadata.yml
Wrote /home/zach/Documents/github/FALCon/falcon-core/cpp_metadata/include/falcon_core/math/Sign_metadata.yml
Wrote /home/zach/Documents/github/FALCon/falcon-core/cpp_metadata/include/falcon_core/math/UnitSpace_metadata.yml
Wrote /home/zach/Documents/github/FALCon/falcon-core/cpp_metadata/include/falcon_core/math/Vector_metadata.yml
Wrote /home/zach/Documents/github/FALCon/falcon-core/cpp_metadata/include/falcon_core/math/arrays/ControlArray_metadata.yml
Wrote /home/zach/Documents/github/FALCon/falcon-core/cpp_metadata/include/falcon_core/math/arrays/ControlArray1D_metadata.yml
Wrote /home/zach/Documents/github/FALCon/falcon-core/cpp_metadata/include/falcon_core/math/arrays/IncreasingAlignment_metadata.yml
Wrote /home/zach/Documents/github/FALCon/falcon-core/cpp_metadata/include/falcon_core/math/arrays/Is1D_metadata.yml
Wrote /home/zach/Documents/github/FALCon/falcon-core/cpp_metadata/include/falcon_core/math/arrays/IsControl_metadata.yml
Wrote /home/zach/Documents/github/FALCon/falcon-core/cpp_metadata/include/falcon_core/math/arrays/IsLabelled_metadata.yml
Wrote /home/zach/Documents/github/FALCon/falcon-core/cpp_metadata/include/falcon_core/math/arrays/LabelledArrays_metadata.yml
Wrote /home/zach/Documents/github/FALCon/falcon-core/cpp_metadata/include/falcon_core/math/arrays/LabelledControlArray_metadata.yml
Wrote /home/zach/Documents/github/FALCon/falcon-core/cpp_metadata/include/falcon_core/math/arrays/LabelledControlArray1D_metadata.yml
Wrote /home/zach/Documents/github/FALCon/falcon-core/cpp_metadata/include/falcon_core/math/arrays/LabelledMeasuredArray_metadata.yml
Wrote /home/zach/Documents/github/FALCon/falcon-core/cpp_metadata/include/falcon_core/math/arrays/LabelledMeasuredArray1D_metadata.yml
Wrote /home/zach/Documents/github/FALCon/falcon-core/cpp_metadata/include/falcon_core/math/arrays/MeasuredArray_metadata.yml
Wrote /home/zach/Documents/github/FALCon/falcon-core/cpp_metadata/include/falcon_core/math/arrays/MeasuredArray1D_metadata.yml
Wrote /home/zach/Documents/github/FALCon/falcon-core/cpp_metadata/include/falcon_core/math/discrete_spaces/DiscreteSpace_metadata.yml
Wrote /home/zach/Documents/github/FALCon/falcon-core/cpp_metadata/include/falcon_core/math/discrete_spaces/Discretizer_metadata.yml
Wrote /home/zach/Documents/github/FALCon/falcon-core/cpp_metadata/include/falcon_core/math/domains/CoupledLabelledDomain_metadata.yml
Wrote /home/zach/Documents/github/FALCon/falcon-core/cpp_metadata/include/falcon_core/math/domains/Domain_metadata.yml
Wrote /home/zach/Documents/github/FALCon/falcon-core/cpp_metadata/include/falcon_core/math/domains/LabelledDomain_metadata.yml
Wrote /home/zach/Documents/github/FALCon/falcon-core/cpp_metadata/include/falcon_core/physics/config/ConfigManipulations_metadata.yml
Wrote /home/zach/Documents/github/FALCon/falcon-core/cpp_metadata/include/falcon_core/physics/config/Loader_metadata.yml
Wrote /home/zach/Documents/github/FALCon/falcon-core/cpp_metadata/include/falcon_core/physics/config/core/Adjacency_metadata.yml
Wrote /home/zach/Documents/github/FALCon/falcon-core/cpp_metadata/include/falcon_core/physics/config/core/Config_metadata.yml
Wrote /home/zach/Documents/github/FALCon/falcon-core/cpp_metadata/include/falcon_core/physics/config/core/Group_metadata.yml
Wrote /home/zach/Documents/github/FALCon/falcon-core/cpp_metadata/include/falcon_core/physics/config/core/StandardConfigConnections_metadata.yml
Wrote /home/zach/Documents/github/FALCon/falcon-core/cpp_metadata/include/falcon_core/physics/config/core/VoltageConstraints_metadata.yml
Wrote /home/zach/Documents/github/FALCon/falcon-core/cpp_metadata/include/falcon_core/physics/config/geometries/DotGatesWithNeighbors_metadata.yml
Wrote /home/zach/Documents/github/FALCon/falcon-core/cpp_metadata/include/falcon_core/physics/config/geometries/GateGeometryArray1D_metadata.yml
Wrote /home/zach/Documents/github/FALCon/falcon-core/cpp_metadata/include/falcon_core/physics/config/geometries/HasImplantedOhmic_metadata.yml
Wrote /home/zach/Documents/github/FALCon/falcon-core/cpp_metadata/include/falcon_core/physics/config/geometries/HasLeftNeighbor_metadata.yml
Wrote /home/zach/Documents/github/FALCon/falcon-core/cpp_metadata/include/falcon_core/physics/config/geometries/HasRightNeighbor_metadata.yml
Wrote /home/zach/Documents/github/FALCon/falcon-core/cpp_metadata/include/falcon_core/physics/config/geometries/LeftReservoirWithImplantedOhmic_metadata.yml
Wrote /home/zach/Documents/github/FALCon/falcon-core/cpp_metadata/include/falcon_core/physics/config/geometries/RightReservoirWithImplantedOhmic_metadata.yml
Wrote /home/zach/Documents/github/FALCon/falcon-core/cpp_metadata/include/falcon_core/physics/device_structures/Connection_metadata.yml
Wrote /home/zach/Documents/github/FALCon/falcon-core/cpp_metadata/include/falcon_core/physics/device_structures/Connections_metadata.yml
Wrote /home/zach/Documents/github/FALCon/falcon-core/cpp_metadata/include/falcon_core/physics/device_structures/GateRelations_metadata.yml
Wrote /home/zach/Documents/github/FALCon/falcon-core/cpp_metadata/include/falcon_core/physics/device_structures/Impedance_metadata.yml
Wrote /home/zach/Documents/github/FALCon/falcon-core/cpp_metadata/include/falcon_core/physics/device_structures/Impedances_metadata.yml
Wrote /home/zach/Documents/github/FALCon/falcon-core/cpp_metadata/include/falcon_core/physics/units/Prefix_metadata.yml
Wrote /home/zach/Documents/github/FALCon/falcon-core/cpp_metadata/include/falcon_core/physics/units/SymbolUnit_metadata.yml
Wrote /home/zach/Documents/github/FALCon/falcon-core/cpp_metadata/include/falcon_core/physics/units/Unit_metadata.yml
Wrote /home/zach/Documents/github/FALCon/falcon-core/cpp_metadata/include/falcon_core/autotuner_interfaces/contexts/AcquisitionContext_metadata.yml
Wrote /home/zach/Documents/github/FALCon/falcon-core/cpp_metadata/include/falcon_core/autotuner_interfaces/contexts/BaseContext_metadata.yml
Wrote /home/zach/Documents/github/FALCon/falcon-core/cpp_metadata/include/falcon_core/autotuner_interfaces/contexts/MeasurementContext_metadata.yml
Wrote /home/zach/Documents/github/FALCon/falcon-core/cpp_metadata/include/falcon_core/autotuner_interfaces/interpretations/InterpretationContainer_metadata.yml
Wrote /home/zach/Documents/github/FALCon/falcon-core/cpp_metadata/include/falcon_core/autotuner_interfaces/interpretations/InterpretationContext_metadata.yml
Wrote /home/zach/Documents/github/FALCon/falcon-core/cpp_metadata/include/falcon_core/autotuner_interfaces/names/Channel_metadata.yml
Wrote /home/zach/Documents/github/FALCon/falcon-core/cpp_metadata/include/falcon_core/autotuner_interfaces/names/Channels_metadata.yml
Wrote /home/zach/Documents/github/FALCon/falcon-core/cpp_metadata/include/falcon_core/autotuner_interfaces/names/Gname_metadata.yml
Wrote /home/zach/Documents/github/FALCon/falcon-core/cpp_metadata/include/falcon_core/autotuner_interfaces/names/NameBase_metadata.yml
Wrote /home/zach/Documents/github/FALCon/falcon-core/cpp_metadata/include/falcon_core/communications/HDF5Data_metadata.yml
Wrote /home/zach/Documents/github/FALCon/falcon-core/cpp_metadata/include/falcon_core/communications/Time_metadata.yml
Wrote /home/zach/Documents/github/FALCon/falcon-core/cpp_metadata/include/falcon_core/communications/voltage_states/DeviceVoltageStates_metadata.yml
Wrote /home/zach/Documents/github/FALCon/falcon-core/cpp_metadata/include/falcon_core/generic/FArray_metadata.yml
Wrote /home/zach/Documents/github/FALCon/falcon-core/cpp_metadata/include/falcon_core/generic/List_metadata.yml
Wrote /home/zach/Documents/github/FALCon/falcon-core/cpp_metadata/include/falcon_core/generic/Map_metadata.yml
Wrote /home/zach/Documents/github/FALCon/falcon-core/cpp_metadata/include/falcon_core/generic/Pair_metadata.yml
Wrote /home/zach/Documents/github/FALCon/falcon-core/cpp_metadata/include/falcon_core/generic/Song_metadata.yml
Wrote /home/zach/Documents/github/FALCon/falcon-core/cpp_metadata/include/falcon_core/instrument_interfaces/Waveform_metadata.yml
Wrote /home/zach/Documents/github/FALCon/falcon-core/cpp_metadata/include/falcon_core/instrument_interfaces/names/InstrumentPort_metadata.yml
Wrote /home/zach/Documents/github/FALCon/falcon-core/cpp_metadata/include/falcon_core/instrument_interfaces/names/Ports_metadata.yml
Wrote /home/zach/Documents/github/FALCon/falcon-core/cpp_metadata/include/falcon_core/instrument_interfaces/port_transforms/PortTransform_metadata.yml
Wrote /home/zach/Documents/github/FALCon/falcon-core/cpp_metadata/include/falcon_core/instrument_interfaces/port_transforms/PortTransforms_metadata.yml
Wrote /home/zach/Documents/github/FALCon/falcon-core/cpp_metadata/include/falcon_core/math/AnalyticFunction_metadata.yml
Wrote /home/zach/Documents/github/FALCon/falcon-core/cpp_metadata/include/falcon_core/math/Axes_metadata.yml
Wrote /home/zach/Documents/github/FALCon/falcon-core/cpp_metadata/include/falcon_core/math/Point_metadata.yml
Wrote /home/zach/Documents/github/FALCon/falcon-core/cpp_metadata/include/falcon_core/math/Quantity_metadata.yml
Wrote /home/zach/Documents/github/FALCon/falcon-core/cpp_metadata/include/falcon_core/math/Sign_metadata.yml
Wrote /home/zach/Documents/github/FALCon/falcon-core/cpp_metadata/include/falcon_core/math/UnitSpace_metadata.yml
Wrote /home/zach/Documents/github/FALCon/falcon-core/cpp_metadata/include/falcon_core/math/Vector_metadata.yml
Wrote /home/zach/Documents/github/FALCon/falcon-core/cpp_metadata/include/falcon_core/math/arrays/ControlArray_metadata.yml
Wrote /home/zach/Documents/github/FALCon/falcon-core/cpp_metadata/include/falcon_core/math/arrays/ControlArray1D_metadata.yml
Wrote /home/zach/Documents/github/FALCon/falcon-core/cpp_metadata/include/falcon_core/math/arrays/IncreasingAlignment_metadata.yml
Wrote /home/zach/Documents/github/FALCon/falcon-core/cpp_metadata/include/falcon_core/math/arrays/Is1D_metadata.yml
Wrote /home/zach/Documents/github/FALCon/falcon-core/cpp_metadata/include/falcon_core/math/arrays/IsControl_metadata.yml
Wrote /home/zach/Documents/github/FALCon/falcon-core/cpp_metadata/include/falcon_core/math/arrays/IsLabelled_metadata.yml
Wrote /home/zach/Documents/github/FALCon/falcon-core/cpp_metadata/include/falcon_core/math/arrays/LabelledArrays_metadata.yml
Wrote /home/zach/Documents/github/FALCon/falcon-core/cpp_metadata/include/falcon_core/math/arrays/LabelledControlArray_metadata.yml
Wrote /home/zach/Documents/github/FALCon/falcon-core/cpp_metadata/include/falcon_core/math/arrays/LabelledControlArray1D_metadata.yml
Wrote /home/zach/Documents/github/FALCon/falcon-core/cpp_metadata/include/falcon_core/math/arrays/LabelledMeasuredArray_metadata.yml
Wrote /home/zach/Documents/github/FALCon/falcon-core/cpp_metadata/include/falcon_core/math/arrays/LabelledMeasuredArray1D_metadata.yml
Wrote /home/zach/Documents/github/FALCon/falcon-core/cpp_metadata/include/falcon_core/math/arrays/MeasuredArray_metadata.yml
Wrote /home/zach/Documents/github/FALCon/falcon-core/cpp_metadata/include/falcon_core/math/arrays/MeasuredArray1D_metadata.yml
Wrote /home/zach/Documents/github/FALCon/falcon-core/cpp_metadata/include/falcon_core/math/discrete_spaces/DiscreteSpace_metadata.yml
Wrote /home/zach/Documents/github/FALCon/falcon-core/cpp_metadata/include/falcon_core/math/discrete_spaces/Discretizer_metadata.yml
Wrote /home/zach/Documents/github/FALCon/falcon-core/cpp_metadata/include/falcon_core/math/domains/CoupledLabelledDomain_metadata.yml
Wrote /home/zach/Documents/github/FALCon/falcon-core/cpp_metadata/include/falcon_core/math/domains/Domain_metadata.yml
Wrote /home/zach/Documents/github/FALCon/falcon-core/cpp_metadata/include/falcon_core/math/domains/LabelledDomain_metadata.yml
Wrote /home/zach/Documents/github/FALCon/falcon-core/cpp_metadata/include/falcon_core/physics/config/ConfigManipulations_metadata.yml
Wrote /home/zach/Documents/github/FALCon/falcon-core/cpp_metadata/include/falcon_core/physics/config/Loader_metadata.yml
Wrote /home/zach/Documents/github/FALCon/falcon-core/cpp_metadata/include/falcon_core/physics/config/core/Adjacency_metadata.yml
Wrote /home/zach/Documents/github/FALCon/falcon-core/cpp_metadata/include/falcon_core/physics/config/core/Config_metadata.yml
Wrote /home/zach/Documents/github/FALCon/falcon-core/cpp_metadata/include/falcon_core/physics/config/core/Group_metadata.yml
Wrote /home/zach/Documents/github/FALCon/falcon-core/cpp_metadata/include/falcon_core/physics/config/core/StandardConfigConnections_metadata.yml
Wrote /home/zach/Documents/github/FALCon/falcon-core/cpp_metadata/include/falcon_core/physics/config/core/VoltageConstraints_metadata.yml
Wrote /home/zach/Documents/github/FALCon/falcon-core/cpp_metadata/include/falcon_core/physics/config/geometries/DotGatesWithNeighbors_metadata.yml
Wrote /home/zach/Documents/github/FALCon/falcon-core/cpp_metadata/include/falcon_core/physics/config/geometries/GateGeometryArray1D_metadata.yml
Wrote /home/zach/Documents/github/FALCon/falcon-core/cpp_metadata/include/falcon_core/physics/config/geometries/HasImplantedOhmic_metadata.yml
Wrote /home/zach/Documents/github/FALCon/falcon-core/cpp_metadata/include/falcon_core/physics/config/geometries/HasLeftNeighbor_metadata.yml
Wrote /home/zach/Documents/github/FALCon/falcon-core/cpp_metadata/include/falcon_core/physics/config/geometries/HasRightNeighbor_metadata.yml
Wrote /home/zach/Documents/github/FALCon/falcon-core/cpp_metadata/include/falcon_core/physics/config/geometries/LeftReservoirWithImplantedOhmic_metadata.yml
Wrote /home/zach/Documents/github/FALCon/falcon-core/cpp_metadata/include/falcon_core/physics/config/geometries/RightReservoirWithImplantedOhmic_metadata.yml
Wrote /home/zach/Documents/github/FALCon/falcon-core/cpp_metadata/include/falcon_core/physics/device_structures/Connection_metadata.yml
Wrote /home/zach/Documents/github/FALCon/falcon-core/cpp_metadata/include/falcon_core/physics/device_structures/Connections_metadata.yml
Wrote /home/zach/Documents/github/FALCon/falcon-core/cpp_metadata/include/falcon_core/physics/device_structures/GateRelations_metadata.yml
Wrote /home/zach/Documents/github/FALCon/falcon-core/cpp_metadata/include/falcon_core/physics/device_structures/Impedance_metadata.yml
Wrote /home/zach/Documents/github/FALCon/falcon-core/cpp_metadata/include/falcon_core/physics/device_structures/Impedances_metadata.yml
Wrote /home/zach/Documents/github/FALCon/falcon-core/cpp_metadata/include/falcon_core/physics/units/Prefix_metadata.yml
Wrote /home/zach/Documents/github/FALCon/falcon-core/cpp_metadata/include/falcon_core/physics/units/SymbolUnit_metadata.yml
Wrote /home/zach/Documents/github/FALCon/falcon-core/cpp_metadata/include/falcon_core/physics/units/Unit_metadata.yml
Wrote /home/zach/Documents/github/FALCon/falcon-core/cpp_metadata/include/falcon_core/autotuner_interfaces/contexts/AcquisitionContext_metadata.yml
Wrote /home/zach/Documents/github/FALCon/falcon-core/cpp_metadata/include/falcon_core/autotuner_interfaces/contexts/BaseContext_metadata.yml
Wrote /home/zach/Documents/github/FALCon/falcon-core/cpp_metadata/include/falcon_core/autotuner_interfaces/contexts/MeasurementContext_metadata.yml
Wrote /home/zach/Documents/github/FALCon/falcon-core/cpp_metadata/include/falcon_core/autotuner_interfaces/interpretations/InterpretationContainer_metadata.yml
Wrote /home/zach/Documents/github/FALCon/falcon-core/cpp_metadata/include/falcon_core/autotuner_interfaces/interpretations/InterpretationContext_metadata.yml
Wrote /home/zach/Documents/github/FALCon/falcon-core/cpp_metadata/include/falcon_core/autotuner_interfaces/names/Channel_metadata.yml
Wrote /home/zach/Documents/github/FALCon/falcon-core/cpp_metadata/include/falcon_core/autotuner_interfaces/names/Channels_metadata.yml
Wrote /home/zach/Documents/github/FALCon/falcon-core/cpp_metadata/include/falcon_core/autotuner_interfaces/names/Gname_metadata.yml
Wrote /home/zach/Documents/github/FALCon/falcon-core/cpp_metadata/include/falcon_core/autotuner_interfaces/names/NameBase_metadata.yml
Wrote /home/zach/Documents/github/FALCon/falcon-core/cpp_metadata/include/falcon_core/communications/HDF5Data_metadata.yml
Wrote /home/zach/Documents/github/FALCon/falcon-core/cpp_metadata/include/falcon_core/communications/Time_metadata.yml
Wrote /home/zach/Documents/github/FALCon/falcon-core/cpp_metadata/include/falcon_core/communications/voltage_states/DeviceVoltageStates_metadata.yml
Wrote /home/zach/Documents/github/FALCon/falcon-core/cpp_metadata/include/falcon_core/generic/FArray_metadata.yml
Wrote /home/zach/Documents/github/FALCon/falcon-core/cpp_metadata/include/falcon_core/generic/List_metadata.yml
Wrote /home/zach/Documents/github/FALCon/falcon-core/cpp_metadata/include/falcon_core/generic/Map_metadata.yml
Wrote /home/zach/Documents/github/FALCon/falcon-core/cpp_metadata/include/falcon_core/generic/Pair_metadata.yml
Wrote /home/zach/Documents/github/FALCon/falcon-core/cpp_metadata/include/falcon_core/generic/Song_metadata.yml
Wrote /home/zach/Documents/github/FALCon/falcon-core/cpp_metadata/include/falcon_core/instrument_interfaces/Waveform_metadata.yml
Wrote /home/zach/Documents/github/FALCon/falcon-core/cpp_metadata/include/falcon_core/instrument_interfaces/names/InstrumentPort_metadata.yml
Wrote /home/zach/Documents/github/FALCon/falcon-core/cpp_metadata/include/falcon_core/instrument_interfaces/names/Ports_metadata.yml
Wrote /home/zach/Documents/github/FALCon/falcon-core/cpp_metadata/include/falcon_core/instrument_interfaces/port_transforms/PortTransform_metadata.yml
Wrote /home/zach/Documents/github/FALCon/falcon-core/cpp_metadata/include/falcon_core/instrument_interfaces/port_transforms/PortTransforms_metadata.yml
Wrote /home/zach/Documents/github/FALCon/falcon-core/cpp_metadata/include/falcon_core/math/AnalyticFunction_metadata.yml
Wrote /home/zach/Documents/github/FALCon/falcon-core/cpp_metadata/include/falcon_core/math/Axes_metadata.yml
Wrote /home/zach/Documents/github/FALCon/falcon-core/cpp_metadata/include/falcon_core/math/Point_metadata.yml
Wrote /home/zach/Documents/github/FALCon/falcon-core/cpp_metadata/include/falcon_core/math/Quantity_metadata.yml
Wrote /home/zach/Documents/github/FALCon/falcon-core/cpp_metadata/include/falcon_core/math/Sign_metadata.yml
Wrote /home/zach/Documents/github/FALCon/falcon-core/cpp_metadata/include/falcon_core/math/UnitSpace_metadata.yml
Wrote /home/zach/Documents/github/FALCon/falcon-core/cpp_metadata/include/falcon_core/math/Vector_metadata.yml
Wrote /home/zach/Documents/github/FALCon/falcon-core/cpp_metadata/include/falcon_core/math/arrays/ControlArray_metadata.yml
Wrote /home/zach/Documents/github/FALCon/falcon-core/cpp_metadata/include/falcon_core/math/arrays/ControlArray1D_metadata.yml
Wrote /home/zach/Documents/github/FALCon/falcon-core/cpp_metadata/include/falcon_core/math/arrays/IncreasingAlignment_metadata.yml
Wrote /home/zach/Documents/github/FALCon/falcon-core/cpp_metadata/include/falcon_core/math/arrays/Is1D_metadata.yml
Wrote /home/zach/Documents/github/FALCon/falcon-core/cpp_metadata/include/falcon_core/math/arrays/IsControl_metadata.yml
Wrote /home/zach/Documents/github/FALCon/falcon-core/cpp_metadata/include/falcon_core/math/arrays/IsLabelled_metadata.yml
Wrote /home/zach/Documents/github/FALCon/falcon-core/cpp_metadata/include/falcon_core/math/arrays/LabelledArrays_metadata.yml
Wrote /home/zach/Documents/github/FALCon/falcon-core/cpp_metadata/include/falcon_core/math/arrays/LabelledControlArray_metadata.yml
Wrote /home/zach/Documents/github/FALCon/falcon-core/cpp_metadata/include/falcon_core/math/arrays/LabelledControlArray1D_metadata.yml
Wrote /home/zach/Documents/github/FALCon/falcon-core/cpp_metadata/include/falcon_core/math/arrays/LabelledMeasuredArray_metadata.yml
Wrote /home/zach/Documents/github/FALCon/falcon-core/cpp_metadata/include/falcon_core/math/arrays/LabelledMeasuredArray1D_metadata.yml
Wrote /home/zach/Documents/github/FALCon/falcon-core/cpp_metadata/include/falcon_core/math/arrays/MeasuredArray_metadata.yml
Wrote /home/zach/Documents/github/FALCon/falcon-core/cpp_metadata/include/falcon_core/math/arrays/MeasuredArray1D_metadata.yml
Wrote /home/zach/Documents/github/FALCon/falcon-core/cpp_metadata/include/falcon_core/math/discrete_spaces/DiscreteSpace_metadata.yml
Wrote /home/zach/Documents/github/FALCon/falcon-core/cpp_metadata/include/falcon_core/math/discrete_spaces/Discretizer_metadata.yml
Wrote /home/zach/Documents/github/FALCon/falcon-core/cpp_metadata/include/falcon_core/math/domains/CoupledLabelledDomain_metadata.yml
Wrote /home/zach/Documents/github/FALCon/falcon-core/cpp_metadata/include/falcon_core/math/domains/Domain_metadata.yml
Wrote /home/zach/Documents/github/FALCon/falcon-core/cpp_metadata/include/falcon_core/math/domains/LabelledDomain_metadata.yml
Wrote /home/zach/Documents/github/FALCon/falcon-core/cpp_metadata/include/falcon_core/physics/config/ConfigManipulations_metadata.yml
Wrote /home/zach/Documents/github/FALCon/falcon-core/cpp_metadata/include/falcon_core/physics/config/Loader_metadata.yml
Wrote /home/zach/Documents/github/FALCon/falcon-core/cpp_metadata/include/falcon_core/physics/config/core/Adjacency_metadata.yml
Wrote /home/zach/Documents/github/FALCon/falcon-core/cpp_metadata/include/falcon_core/physics/config/core/Config_metadata.yml
Wrote /home/zach/Documents/github/FALCon/falcon-core/cpp_metadata/include/falcon_core/physics/config/core/Group_metadata.yml
Wrote /home/zach/Documents/github/FALCon/falcon-core/cpp_metadata/include/falcon_core/physics/config/core/StandardConfigConnections_metadata.yml
Wrote /home/zach/Documents/github/FALCon/falcon-core/cpp_metadata/include/falcon_core/physics/config/core/VoltageConstraints_metadata.yml
Wrote /home/zach/Documents/github/FALCon/falcon-core/cpp_metadata/include/falcon_core/physics/config/geometries/DotGatesWithNeighbors_metadata.yml
Wrote /home/zach/Documents/github/FALCon/falcon-core/cpp_metadata/include/falcon_core/physics/config/geometries/GateGeometryArray1D_metadata.yml
Wrote /home/zach/Documents/github/FALCon/falcon-core/cpp_metadata/include/falcon_core/physics/config/geometries/HasImplantedOhmic_metadata.yml
Wrote /home/zach/Documents/github/FALCon/falcon-core/cpp_metadata/include/falcon_core/physics/config/geometries/HasLeftNeighbor_metadata.yml
Wrote /home/zach/Documents/github/FALCon/falcon-core/cpp_metadata/include/falcon_core/physics/config/geometries/HasRightNeighbor_metadata.yml
Wrote /home/zach/Documents/github/FALCon/falcon-core/cpp_metadata/include/falcon_core/physics/config/geometries/LeftReservoirWithImplantedOhmic_metadata.yml
Wrote /home/zach/Documents/github/FALCon/falcon-core/cpp_metadata/include/falcon_core/physics/config/geometries/RightReservoirWithImplantedOhmic_metadata.yml
Wrote /home/zach/Documents/github/FALCon/falcon-core/cpp_metadata/include/falcon_core/physics/device_structures/Connection_metadata.yml
Wrote /home/zach/Documents/github/FALCon/falcon-core/cpp_metadata/include/falcon_core/physics/device_structures/Connections_metadata.yml
Wrote /home/zach/Documents/github/FALCon/falcon-core/cpp_metadata/include/falcon_core/physics/device_structures/GateRelations_metadata.yml
Wrote /home/zach/Documents/github/FALCon/falcon-core/cpp_metadata/include/falcon_core/physics/device_structures/Impedance_metadata.yml
Wrote /home/zach/Documents/github/FALCon/falcon-core/cpp_metadata/include/falcon_core/physics/device_structures/Impedances_metadata.yml
Wrote /home/zach/Documents/github/FALCon/falcon-core/cpp_metadata/include/falcon_core/physics/units/Prefix_metadata.yml
Wrote /home/zach/Documents/github/FALCon/falcon-core/cpp_metadata/include/falcon_core/physics/units/SymbolUnit_metadata.yml
Wrote /home/zach/Documents/github/FALCon/falcon-core/cpp_metadata/include/falcon_core/physics/units/Unit_metadata.yml
Wrote /home/zach/Documents/github/FALCon/falcon-core/cpp_metadata/include/falcon_core/autotuner_interfaces/contexts/AcquisitionContext_metadata.yml
Wrote /home/zach/Documents/github/FALCon/falcon-core/cpp_metadata/include/falcon_core/autotuner_interfaces/contexts/BaseContext_metadata.yml
Wrote /home/zach/Documents/github/FALCon/falcon-core/cpp_metadata/include/falcon_core/autotuner_interfaces/contexts/MeasurementContext_metadata.yml
Wrote /home/zach/Documents/github/FALCon/falcon-core/cpp_metadata/include/falcon_core/autotuner_interfaces/interpretations/InterpretationContainer_metadata.yml
Wrote /home/zach/Documents/github/FALCon/falcon-core/cpp_metadata/include/falcon_core/autotuner_interfaces/interpretations/InterpretationContext_metadata.yml
Wrote /home/zach/Documents/github/FALCon/falcon-core/cpp_metadata/include/falcon_core/autotuner_interfaces/names/Channel_metadata.yml
Wrote /home/zach/Documents/github/FALCon/falcon-core/cpp_metadata/include/falcon_core/autotuner_interfaces/names/Channels_metadata.yml
Wrote /home/zach/Documents/github/FALCon/falcon-core/cpp_metadata/include/falcon_core/autotuner_interfaces/names/Gname_metadata.yml
Wrote /home/zach/Documents/github/FALCon/falcon-core/cpp_metadata/include/falcon_core/autotuner_interfaces/names/NameBase_metadata.yml
Wrote /home/zach/Documents/github/FALCon/falcon-core/cpp_metadata/include/falcon_core/communications/HDF5Data_metadata.yml
Wrote /home/zach/Documents/github/FALCon/falcon-core/cpp_metadata/include/falcon_core/communications/Time_metadata.yml
Wrote /home/zach/Documents/github/FALCon/falcon-core/cpp_metadata/include/falcon_core/communications/voltage_states/DeviceVoltageStates_metadata.yml
Wrote /home/zach/Documents/github/FALCon/falcon-core/cpp_metadata/include/falcon_core/generic/FArray_metadata.yml
Wrote /home/zach/Documents/github/FALCon/falcon-core/cpp_metadata/include/falcon_core/generic/List_metadata.yml
Wrote /home/zach/Documents/github/FALCon/falcon-core/cpp_metadata/include/falcon_core/generic/Map_metadata.yml
Wrote /home/zach/Documents/github/FALCon/falcon-core/cpp_metadata/include/falcon_core/generic/Pair_metadata.yml
Wrote /home/zach/Documents/github/FALCon/falcon-core/cpp_metadata/include/falcon_core/generic/Song_metadata.yml
Wrote /home/zach/Documents/github/FALCon/falcon-core/cpp_metadata/include/falcon_core/instrument_interfaces/Waveform_metadata.yml
Wrote /home/zach/Documents/github/FALCon/falcon-core/cpp_metadata/include/falcon_core/instrument_interfaces/names/InstrumentPort_metadata.yml
Wrote /home/zach/Documents/github/FALCon/falcon-core/cpp_metadata/include/falcon_core/instrument_interfaces/names/Ports_metadata.yml
Wrote /home/zach/Documents/github/FALCon/falcon-core/cpp_metadata/include/falcon_core/instrument_interfaces/port_transforms/PortTransform_metadata.yml
Wrote /home/zach/Documents/github/FALCon/falcon-core/cpp_metadata/include/falcon_core/instrument_interfaces/port_transforms/PortTransforms_metadata.yml
Wrote /home/zach/Documents/github/FALCon/falcon-core/cpp_metadata/include/falcon_core/math/AnalyticFunction_metadata.yml
Wrote /home/zach/Documents/github/FALCon/falcon-core/cpp_metadata/include/falcon_core/math/Axes_metadata.yml
Wrote /home/zach/Documents/github/FALCon/falcon-core/cpp_metadata/include/falcon_core/math/Point_metadata.yml
Wrote /home/zach/Documents/github/FALCon/falcon-core/cpp_metadata/include/falcon_core/math/Quantity_metadata.yml
Wrote /home/zach/Documents/github/FALCon/falcon-core/cpp_metadata/include/falcon_core/math/Sign_metadata.yml
Wrote /home/zach/Documents/github/FALCon/falcon-core/cpp_metadata/include/falcon_core/math/UnitSpace_metadata.yml
Wrote /home/zach/Documents/github/FALCon/falcon-core/cpp_metadata/include/falcon_core/math/Vector_metadata.yml
Wrote /home/zach/Documents/github/FALCon/falcon-core/cpp_metadata/include/falcon_core/math/arrays/ControlArray_metadata.yml
Wrote /home/zach/Documents/github/FALCon/falcon-core/cpp_metadata/include/falcon_core/math/arrays/ControlArray1D_metadata.yml
Wrote /home/zach/Documents/github/FALCon/falcon-core/cpp_metadata/include/falcon_core/math/arrays/IncreasingAlignment_metadata.yml
Wrote /home/zach/Documents/github/FALCon/falcon-core/cpp_metadata/include/falcon_core/math/arrays/Is1D_metadata.yml
Wrote /home/zach/Documents/github/FALCon/falcon-core/cpp_metadata/include/falcon_core/math/arrays/IsControl_metadata.yml
Wrote /home/zach/Documents/github/FALCon/falcon-core/cpp_metadata/include/falcon_core/math/arrays/IsLabelled_metadata.yml
Wrote /home/zach/Documents/github/FALCon/falcon-core/cpp_metadata/include/falcon_core/math/arrays/LabelledArrays_metadata.yml
Wrote /home/zach/Documents/github/FALCon/falcon-core/cpp_metadata/include/falcon_core/math/arrays/LabelledControlArray_metadata.yml
Wrote /home/zach/Documents/github/FALCon/falcon-core/cpp_metadata/include/falcon_core/math/arrays/LabelledControlArray1D_metadata.yml
Wrote /home/zach/Documents/github/FALCon/falcon-core/cpp_metadata/include/falcon_core/math/arrays/LabelledMeasuredArray_metadata.yml
Wrote /home/zach/Documents/github/FALCon/falcon-core/cpp_metadata/include/falcon_core/math/arrays/LabelledMeasuredArray1D_metadata.yml
Wrote /home/zach/Documents/github/FALCon/falcon-core/cpp_metadata/include/falcon_core/math/arrays/MeasuredArray_metadata.yml
Wrote /home/zach/Documents/github/FALCon/falcon-core/cpp_metadata/include/falcon_core/math/arrays/MeasuredArray1D_metadata.yml
Wrote /home/zach/Documents/github/FALCon/falcon-core/cpp_metadata/include/falcon_core/math/discrete_spaces/DiscreteSpace_metadata.yml
Wrote /home/zach/Documents/github/FALCon/falcon-core/cpp_metadata/include/falcon_core/math/discrete_spaces/Discretizer_metadata.yml
Wrote /home/zach/Documents/github/FALCon/falcon-core/cpp_metadata/include/falcon_core/math/domains/CoupledLabelledDomain_metadata.yml
Wrote /home/zach/Documents/github/FALCon/falcon-core/cpp_metadata/include/falcon_core/math/domains/Domain_metadata.yml
Wrote /home/zach/Documents/github/FALCon/falcon-core/cpp_metadata/include/falcon_core/math/domains/LabelledDomain_metadata.yml
Wrote /home/zach/Documents/github/FALCon/falcon-core/cpp_metadata/include/falcon_core/physics/config/ConfigManipulations_metadata.yml
Wrote /home/zach/Documents/github/FALCon/falcon-core/cpp_metadata/include/falcon_core/physics/config/Loader_metadata.yml
Wrote /home/zach/Documents/github/FALCon/falcon-core/cpp_metadata/include/falcon_core/physics/config/core/Adjacency_metadata.yml
Wrote /home/zach/Documents/github/FALCon/falcon-core/cpp_metadata/include/falcon_core/physics/config/core/Config_metadata.yml
Wrote /home/zach/Documents/github/FALCon/falcon-core/cpp_metadata/include/falcon_core/physics/config/core/Group_metadata.yml
Wrote /home/zach/Documents/github/FALCon/falcon-core/cpp_metadata/include/falcon_core/physics/config/core/StandardConfigConnections_metadata.yml
Wrote /home/zach/Documents/github/FALCon/falcon-core/cpp_metadata/include/falcon_core/physics/config/core/VoltageConstraints_metadata.yml
Wrote /home/zach/Documents/github/FALCon/falcon-core/cpp_metadata/include/falcon_core/physics/config/geometries/DotGatesWithNeighbors_metadata.yml
Wrote /home/zach/Documents/github/FALCon/falcon-core/cpp_metadata/include/falcon_core/physics/config/geometries/GateGeometryArray1D_metadata.yml
Wrote /home/zach/Documents/github/FALCon/falcon-core/cpp_metadata/include/falcon_core/physics/config/geometries/HasImplantedOhmic_metadata.yml
Wrote /home/zach/Documents/github/FALCon/falcon-core/cpp_metadata/include/falcon_core/physics/config/geometries/HasLeftNeighbor_metadata.yml
Wrote /home/zach/Documents/github/FALCon/falcon-core/cpp_metadata/include/falcon_core/physics/config/geometries/HasRightNeighbor_metadata.yml
Wrote /home/zach/Documents/github/FALCon/falcon-core/cpp_metadata/include/falcon_core/physics/config/geometries/LeftReservoirWithImplantedOhmic_metadata.yml
Wrote /home/zach/Documents/github/FALCon/falcon-core/cpp_metadata/include/falcon_core/physics/config/geometries/RightReservoirWithImplantedOhmic_metadata.yml
Wrote /home/zach/Documents/github/FALCon/falcon-core/cpp_metadata/include/falcon_core/physics/device_structures/Connection_metadata.yml
Wrote /home/zach/Documents/github/FALCon/falcon-core/cpp_metadata/include/falcon_core/physics/device_structures/Connections_metadata.yml
Wrote /home/zach/Documents/github/FALCon/falcon-core/cpp_metadata/include/falcon_core/physics/device_structures/GateRelations_metadata.yml
Wrote /home/zach/Documents/github/FALCon/falcon-core/cpp_metadata/include/falcon_core/physics/device_structures/Impedance_metadata.yml
Wrote /home/zach/Documents/github/FALCon/falcon-core/cpp_metadata/include/falcon_core/physics/device_structures/Impedances_metadata.yml
Wrote /home/zach/Documents/github/FALCon/falcon-core/cpp_metadata/include/falcon_core/physics/units/Prefix_metadata.yml
Wrote /home/zach/Documents/github/FALCon/falcon-core/cpp_metadata/include/falcon_core/physics/units/SymbolUnit_metadata.yml
Wrote /home/zach/Documents/github/FALCon/falcon-core/cpp_metadata/include/falcon_core/physics/units/Unit_metadata.yml
Wrote /home/zach/Documents/github/FALCon/falcon-core/cpp_metadata/include/falcon_core/autotuner_interfaces/contexts/AcquisitionContext_metadata.yml
Wrote /home/zach/Documents/github/FALCon/falcon-core/cpp_metadata/include/falcon_core/autotuner_interfaces/contexts/BaseContext_metadata.yml
Wrote /home/zach/Documents/github/FALCon/falcon-core/cpp_metadata/include/falcon_core/autotuner_interfaces/contexts/MeasurementContext_metadata.yml
Wrote /home/zach/Documents/github/FALCon/falcon-core/cpp_metadata/include/falcon_core/autotuner_interfaces/interpretations/InterpretationContainer_metadata.yml
Wrote /home/zach/Documents/github/FALCon/falcon-core/cpp_metadata/include/falcon_core/autotuner_interfaces/interpretations/InterpretationContext_metadata.yml
Wrote /home/zach/Documents/github/FALCon/falcon-core/cpp_metadata/include/falcon_core/autotuner_interfaces/names/Channel_metadata.yml
Wrote /home/zach/Documents/github/FALCon/falcon-core/cpp_metadata/include/falcon_core/autotuner_interfaces/names/Channels_metadata.yml
Wrote /home/zach/Documents/github/FALCon/falcon-core/cpp_metadata/include/falcon_core/autotuner_interfaces/names/Gname_metadata.yml
Wrote /home/zach/Documents/github/FALCon/falcon-core/cpp_metadata/include/falcon_core/autotuner_interfaces/names/NameBase_metadata.yml
Wrote /home/zach/Documents/github/FALCon/falcon-core/cpp_metadata/include/falcon_core/communications/HDF5Data_metadata.yml
Wrote /home/zach/Documents/github/FALCon/falcon-core/cpp_metadata/include/falcon_core/communications/Time_metadata.yml
Wrote /home/zach/Documents/github/FALCon/falcon-core/cpp_metadata/include/falcon_core/communications/voltage_states/DeviceVoltageStates_metadata.yml
Wrote /home/zach/Documents/github/FALCon/falcon-core/cpp_metadata/include/falcon_core/generic/FArray_metadata.yml
Wrote /home/zach/Documents/github/FALCon/falcon-core/cpp_metadata/include/falcon_core/generic/List_metadata.yml
Wrote /home/zach/Documents/github/FALCon/falcon-core/cpp_metadata/include/falcon_core/generic/Map_metadata.yml
Wrote /home/zach/Documents/github/FALCon/falcon-core/cpp_metadata/include/falcon_core/generic/Pair_metadata.yml
Wrote /home/zach/Documents/github/FALCon/falcon-core/cpp_metadata/include/falcon_core/generic/Song_metadata.yml
Wrote /home/zach/Documents/github/FALCon/falcon-core/cpp_metadata/include/falcon_core/instrument_interfaces/Waveform_metadata.yml
Wrote /home/zach/Documents/github/FALCon/falcon-core/cpp_metadata/include/falcon_core/instrument_interfaces/names/InstrumentPort_metadata.yml
Wrote /home/zach/Documents/github/FALCon/falcon-core/cpp_metadata/include/falcon_core/instrument_interfaces/names/Ports_metadata.yml
Wrote /home/zach/Documents/github/FALCon/falcon-core/cpp_metadata/include/falcon_core/instrument_interfaces/port_transforms/PortTransform_metadata.yml
Wrote /home/zach/Documents/github/FALCon/falcon-core/cpp_metadata/include/falcon_core/instrument_interfaces/port_transforms/PortTransforms_metadata.yml
Wrote /home/zach/Documents/github/FALCon/falcon-core/cpp_metadata/include/falcon_core/math/AnalyticFunction_metadata.yml
Wrote /home/zach/Documents/github/FALCon/falcon-core/cpp_metadata/include/falcon_core/math/Axes_metadata.yml
Wrote /home/zach/Documents/github/FALCon/falcon-core/cpp_metadata/include/falcon_core/math/Point_metadata.yml
Wrote /home/zach/Documents/github/FALCon/falcon-core/cpp_metadata/include/falcon_core/math/Quantity_metadata.yml
Wrote /home/zach/Documents/github/FALCon/falcon-core/cpp_metadata/include/falcon_core/math/Sign_metadata.yml
Wrote /home/zach/Documents/github/FALCon/falcon-core/cpp_metadata/include/falcon_core/math/UnitSpace_metadata.yml
Wrote /home/zach/Documents/github/FALCon/falcon-core/cpp_metadata/include/falcon_core/math/Vector_metadata.yml
Wrote /home/zach/Documents/github/FALCon/falcon-core/cpp_metadata/include/falcon_core/math/arrays/ControlArray_metadata.yml
Wrote /home/zach/Documents/github/FALCon/falcon-core/cpp_metadata/include/falcon_core/math/arrays/ControlArray1D_metadata.yml
Wrote /home/zach/Documents/github/FALCon/falcon-core/cpp_metadata/include/falcon_core/math/arrays/IncreasingAlignment_metadata.yml
Wrote /home/zach/Documents/github/FALCon/falcon-core/cpp_metadata/include/falcon_core/math/arrays/Is1D_metadata.yml
Wrote /home/zach/Documents/github/FALCon/falcon-core/cpp_metadata/include/falcon_core/math/arrays/IsControl_metadata.yml
Wrote /home/zach/Documents/github/FALCon/falcon-core/cpp_metadata/include/falcon_core/math/arrays/IsLabelled_metadata.yml
Wrote /home/zach/Documents/github/FALCon/falcon-core/cpp_metadata/include/falcon_core/math/arrays/LabelledArrays_metadata.yml
Wrote /home/zach/Documents/github/FALCon/falcon-core/cpp_metadata/include/falcon_core/math/arrays/LabelledControlArray_metadata.yml
Wrote /home/zach/Documents/github/FALCon/falcon-core/cpp_metadata/include/falcon_core/math/arrays/LabelledControlArray1D_metadata.yml
Wrote /home/zach/Documents/github/FALCon/falcon-core/cpp_metadata/include/falcon_core/math/arrays/LabelledMeasuredArray_metadata.yml
Wrote /home/zach/Documents/github/FALCon/falcon-core/cpp_metadata/include/falcon_core/math/arrays/LabelledMeasuredArray1D_metadata.yml
Wrote /home/zach/Documents/github/FALCon/falcon-core/cpp_metadata/include/falcon_core/math/arrays/MeasuredArray_metadata.yml
Wrote /home/zach/Documents/github/FALCon/falcon-core/cpp_metadata/include/falcon_core/math/arrays/MeasuredArray1D_metadata.yml
Wrote /home/zach/Documents/github/FALCon/falcon-core/cpp_metadata/include/falcon_core/math/discrete_spaces/DiscreteSpace_metadata.yml
Wrote /home/zach/Documents/github/FALCon/falcon-core/cpp_metadata/include/falcon_core/math/discrete_spaces/Discretizer_metadata.yml
Wrote /home/zach/Documents/github/FALCon/falcon-core/cpp_metadata/include/falcon_core/math/domains/CoupledLabelledDomain_metadata.yml
Wrote /home/zach/Documents/github/FALCon/falcon-core/cpp_metadata/include/falcon_core/math/domains/Domain_metadata.yml
Wrote /home/zach/Documents/github/FALCon/falcon-core/cpp_metadata/include/falcon_core/math/domains/LabelledDomain_metadata.yml
Wrote /home/zach/Documents/github/FALCon/falcon-core/cpp_metadata/include/falcon_core/physics/config/ConfigManipulations_metadata.yml
Wrote /home/zach/Documents/github/FALCon/falcon-core/cpp_metadata/include/falcon_core/physics/config/Loader_metadata.yml
Wrote /home/zach/Documents/github/FALCon/falcon-core/cpp_metadata/include/falcon_core/physics/config/core/Adjacency_metadata.yml
Wrote /home/zach/Documents/github/FALCon/falcon-core/cpp_metadata/include/falcon_core/physics/config/core/Config_metadata.yml
Wrote /home/zach/Documents/github/FALCon/falcon-core/cpp_metadata/include/falcon_core/physics/config/core/Group_metadata.yml
Wrote /home/zach/Documents/github/FALCon/falcon-core/cpp_metadata/include/falcon_core/physics/config/core/StandardConfigConnections_metadata.yml
Wrote /home/zach/Documents/github/FALCon/falcon-core/cpp_metadata/include/falcon_core/physics/config/core/VoltageConstraints_metadata.yml
Wrote /home/zach/Documents/github/FALCon/falcon-core/cpp_metadata/include/falcon_core/physics/config/geometries/DotGatesWithNeighbors_metadata.yml
Wrote /home/zach/Documents/github/FALCon/falcon-core/cpp_metadata/include/falcon_core/physics/config/geometries/GateGeometryArray1D_metadata.yml
Wrote /home/zach/Documents/github/FALCon/falcon-core/cpp_metadata/include/falcon_core/physics/config/geometries/HasImplantedOhmic_metadata.yml
Wrote /home/zach/Documents/github/FALCon/falcon-core/cpp_metadata/include/falcon_core/physics/config/geometries/HasLeftNeighbor_metadata.yml
Wrote /home/zach/Documents/github/FALCon/falcon-core/cpp_metadata/include/falcon_core/physics/config/geometries/HasRightNeighbor_metadata.yml
Wrote /home/zach/Documents/github/FALCon/falcon-core/cpp_metadata/include/falcon_core/physics/config/geometries/LeftReservoirWithImplantedOhmic_metadata.yml
Wrote /home/zach/Documents/github/FALCon/falcon-core/cpp_metadata/include/falcon_core/physics/config/geometries/RightReservoirWithImplantedOhmic_metadata.yml
Wrote /home/zach/Documents/github/FALCon/falcon-core/cpp_metadata/include/falcon_core/physics/device_structures/Connection_metadata.yml
Wrote /home/zach/Documents/github/FALCon/falcon-core/cpp_metadata/include/falcon_core/physics/device_structures/Connections_metadata.yml
Wrote /home/zach/Documents/github/FALCon/falcon-core/cpp_metadata/include/falcon_core/physics/device_structures/GateRelations_metadata.yml
Wrote /home/zach/Documents/github/FALCon/falcon-core/cpp_metadata/include/falcon_core/physics/device_structures/Impedance_metadata.yml
Wrote /home/zach/Documents/github/FALCon/falcon-core/cpp_metadata/include/falcon_core/physics/device_structures/Impedances_metadata.yml
Wrote /home/zach/Documents/github/FALCon/falcon-core/cpp_metadata/include/falcon_core/physics/units/Prefix_metadata.yml
Wrote /home/zach/Documents/github/FALCon/falcon-core/cpp_metadata/include/falcon_core/physics/units/SymbolUnit_metadata.yml
Wrote /home/zach/Documents/github/FALCon/falcon-core/cpp_metadata/include/falcon_core/physics/units/Unit_metadata.yml
Wrote /home/zach/Documents/github/FALCon/falcon-core/cpp_metadata/include/falcon_core/autotuner_interfaces/contexts/AcquisitionContext_metadata.yml
Wrote /home/zach/Documents/github/FALCon/falcon-core/cpp_metadata/include/falcon_core/autotuner_interfaces/contexts/BaseContext_metadata.yml
Wrote /home/zach/Documents/github/FALCon/falcon-core/cpp_metadata/include/falcon_core/autotuner_interfaces/contexts/MeasurementContext_metadata.yml
Wrote /home/zach/Documents/github/FALCon/falcon-core/cpp_metadata/include/falcon_core/autotuner_interfaces/interpretations/InterpretationContainer_metadata.yml
Wrote /home/zach/Documents/github/FALCon/falcon-core/cpp_metadata/include/falcon_core/autotuner_interfaces/interpretations/InterpretationContext_metadata.yml
Wrote /home/zach/Documents/github/FALCon/falcon-core/cpp_metadata/include/falcon_core/autotuner_interfaces/names/Channel_metadata.yml
Wrote /home/zach/Documents/github/FALCon/falcon-core/cpp_metadata/include/falcon_core/autotuner_interfaces/names/Channels_metadata.yml
Wrote /home/zach/Documents/github/FALCon/falcon-core/cpp_metadata/include/falcon_core/autotuner_interfaces/names/Gname_metadata.yml
Wrote /home/zach/Documents/github/FALCon/falcon-core/cpp_metadata/include/falcon_core/autotuner_interfaces/names/NameBase_metadata.yml
Wrote /home/zach/Documents/github/FALCon/falcon-core/cpp_metadata/include/falcon_core/communications/HDF5Data_metadata.yml
Wrote /home/zach/Documents/github/FALCon/falcon-core/cpp_metadata/include/falcon_core/communications/Time_metadata.yml
Wrote /home/zach/Documents/github/FALCon/falcon-core/cpp_metadata/include/falcon_core/communications/voltage_states/DeviceVoltageStates_metadata.yml
Wrote /home/zach/Documents/github/FALCon/falcon-core/cpp_metadata/include/falcon_core/generic/FArray_metadata.yml
Wrote /home/zach/Documents/github/FALCon/falcon-core/cpp_metadata/include/falcon_core/generic/List_metadata.yml
Wrote /home/zach/Documents/github/FALCon/falcon-core/cpp_metadata/include/falcon_core/generic/Map_metadata.yml
Wrote /home/zach/Documents/github/FALCon/falcon-core/cpp_metadata/include/falcon_core/generic/Pair_metadata.yml
Wrote /home/zach/Documents/github/FALCon/falcon-core/cpp_metadata/include/falcon_core/generic/Song_metadata.yml
Wrote /home/zach/Documents/github/FALCon/falcon-core/cpp_metadata/include/falcon_core/instrument_interfaces/Waveform_metadata.yml
Wrote /home/zach/Documents/github/FALCon/falcon-core/cpp_metadata/include/falcon_core/instrument_interfaces/names/InstrumentPort_metadata.yml
Wrote /home/zach/Documents/github/FALCon/falcon-core/cpp_metadata/include/falcon_core/instrument_interfaces/names/Ports_metadata.yml
Wrote /home/zach/Documents/github/FALCon/falcon-core/cpp_metadata/include/falcon_core/instrument_interfaces/port_transforms/PortTransform_metadata.yml
Wrote /home/zach/Documents/github/FALCon/falcon-core/cpp_metadata/include/falcon_core/instrument_interfaces/port_transforms/PortTransforms_metadata.yml
Wrote /home/zach/Documents/github/FALCon/falcon-core/cpp_metadata/include/falcon_core/math/AnalyticFunction_metadata.yml
Wrote /home/zach/Documents/github/FALCon/falcon-core/cpp_metadata/include/falcon_core/math/Axes_metadata.yml
Wrote /home/zach/Documents/github/FALCon/falcon-core/cpp_metadata/include/falcon_core/math/Point_metadata.yml
Wrote /home/zach/Documents/github/FALCon/falcon-core/cpp_metadata/include/falcon_core/math/Quantity_metadata.yml
Wrote /home/zach/Documents/github/FALCon/falcon-core/cpp_metadata/include/falcon_core/math/Sign_metadata.yml
Wrote /home/zach/Documents/github/FALCon/falcon-core/cpp_metadata/include/falcon_core/math/UnitSpace_metadata.yml
Wrote /home/zach/Documents/github/FALCon/falcon-core/cpp_metadata/include/falcon_core/math/Vector_metadata.yml
Wrote /home/zach/Documents/github/FALCon/falcon-core/cpp_metadata/include/falcon_core/math/arrays/ControlArray_metadata.yml
Wrote /home/zach/Documents/github/FALCon/falcon-core/cpp_metadata/include/falcon_core/math/arrays/ControlArray1D_metadata.yml
Wrote /home/zach/Documents/github/FALCon/falcon-core/cpp_metadata/include/falcon_core/math/arrays/IncreasingAlignment_metadata.yml
Wrote /home/zach/Documents/github/FALCon/falcon-core/cpp_metadata/include/falcon_core/math/arrays/Is1D_metadata.yml
Wrote /home/zach/Documents/github/FALCon/falcon-core/cpp_metadata/include/falcon_core/math/arrays/IsControl_metadata.yml
Wrote /home/zach/Documents/github/FALCon/falcon-core/cpp_metadata/include/falcon_core/math/arrays/IsLabelled_metadata.yml
Wrote /home/zach/Documents/github/FALCon/falcon-core/cpp_metadata/include/falcon_core/math/arrays/LabelledArrays_metadata.yml
Wrote /home/zach/Documents/github/FALCon/falcon-core/cpp_metadata/include/falcon_core/math/arrays/LabelledControlArray_metadata.yml
Wrote /home/zach/Documents/github/FALCon/falcon-core/cpp_metadata/include/falcon_core/math/arrays/LabelledControlArray1D_metadata.yml
Wrote /home/zach/Documents/github/FALCon/falcon-core/cpp_metadata/include/falcon_core/math/arrays/LabelledMeasuredArray_metadata.yml
Wrote /home/zach/Documents/github/FALCon/falcon-core/cpp_metadata/include/falcon_core/math/arrays/LabelledMeasuredArray1D_metadata.yml
Wrote /home/zach/Documents/github/FALCon/falcon-core/cpp_metadata/include/falcon_core/math/arrays/MeasuredArray_metadata.yml
Wrote /home/zach/Documents/github/FALCon/falcon-core/cpp_metadata/include/falcon_core/math/arrays/MeasuredArray1D_metadata.yml
Wrote /home/zach/Documents/github/FALCon/falcon-core/cpp_metadata/include/falcon_core/math/discrete_spaces/DiscreteSpace_metadata.yml
Wrote /home/zach/Documents/github/FALCon/falcon-core/cpp_metadata/include/falcon_core/math/discrete_spaces/Discretizer_metadata.yml
Wrote /home/zach/Documents/github/FALCon/falcon-core/cpp_metadata/include/falcon_core/math/domains/CoupledLabelledDomain_metadata.yml
Wrote /home/zach/Documents/github/FALCon/falcon-core/cpp_metadata/include/falcon_core/math/domains/Domain_metadata.yml
Wrote /home/zach/Documents/github/FALCon/falcon-core/cpp_metadata/include/falcon_core/math/domains/LabelledDomain_metadata.yml
Wrote /home/zach/Documents/github/FALCon/falcon-core/cpp_metadata/include/falcon_core/physics/config/ConfigManipulations_metadata.yml
Wrote /home/zach/Documents/github/FALCon/falcon-core/cpp_metadata/include/falcon_core/physics/config/Loader_metadata.yml
Wrote /home/zach/Documents/github/FALCon/falcon-core/cpp_metadata/include/falcon_core/physics/config/core/Adjacency_metadata.yml
Wrote /home/zach/Documents/github/FALCon/falcon-core/cpp_metadata/include/falcon_core/physics/config/core/Config_metadata.yml
Wrote /home/zach/Documents/github/FALCon/falcon-core/cpp_metadata/include/falcon_core/physics/config/core/Group_metadata.yml
Wrote /home/zach/Documents/github/FALCon/falcon-core/cpp_metadata/include/falcon_core/physics/config/core/StandardConfigConnections_metadata.yml
Wrote /home/zach/Documents/github/FALCon/falcon-core/cpp_metadata/include/falcon_core/physics/config/core/VoltageConstraints_metadata.yml
Wrote /home/zach/Documents/github/FALCon/falcon-core/cpp_metadata/include/falcon_core/physics/config/geometries/DotGatesWithNeighbors_metadata.yml
Wrote /home/zach/Documents/github/FALCon/falcon-core/cpp_metadata/include/falcon_core/physics/config/geometries/GateGeometryArray1D_metadata.yml
Wrote /home/zach/Documents/github/FALCon/falcon-core/cpp_metadata/include/falcon_core/physics/config/geometries/HasImplantedOhmic_metadata.yml
Wrote /home/zach/Documents/github/FALCon/falcon-core/cpp_metadata/include/falcon_core/physics/config/geometries/HasLeftNeighbor_metadata.yml
Wrote /home/zach/Documents/github/FALCon/falcon-core/cpp_metadata/include/falcon_core/physics/config/geometries/HasRightNeighbor_metadata.yml
Wrote /home/zach/Documents/github/FALCon/falcon-core/cpp_metadata/include/falcon_core/physics/config/geometries/LeftReservoirWithImplantedOhmic_metadata.yml
Wrote /home/zach/Documents/github/FALCon/falcon-core/cpp_metadata/include/falcon_core/physics/config/geometries/RightReservoirWithImplantedOhmic_metadata.yml
Wrote /home/zach/Documents/github/FALCon/falcon-core/cpp_metadata/include/falcon_core/physics/device_structures/Connection_metadata.yml
Wrote /home/zach/Documents/github/FALCon/falcon-core/cpp_metadata/include/falcon_core/physics/device_structures/Connections_metadata.yml
Wrote /home/zach/Documents/github/FALCon/falcon-core/cpp_metadata/include/falcon_core/physics/device_structures/GateRelations_metadata.yml
Wrote /home/zach/Documents/github/FALCon/falcon-core/cpp_metadata/include/falcon_core/physics/device_structures/Impedance_metadata.yml
Wrote /home/zach/Documents/github/FALCon/falcon-core/cpp_metadata/include/falcon_core/physics/device_structures/Impedances_metadata.yml
Wrote /home/zach/Documents/github/FALCon/falcon-core/cpp_metadata/include/falcon_core/physics/units/Prefix_metadata.yml
Wrote /home/zach/Documents/github/FALCon/falcon-core/cpp_metadata/include/falcon_core/physics/units/SymbolUnit_metadata.yml
Wrote /home/zach/Documents/github/FALCon/falcon-core/cpp_metadata/include/falcon_core/physics/units/Unit_metadata.yml
Wrote /home/zach/Documents/github/FALCon/falcon-core/cpp_metadata/include/falcon_core/autotuner_interfaces/contexts/AcquisitionContext_metadata.yml
Wrote /home/zach/Documents/github/FALCon/falcon-core/cpp_metadata/include/falcon_core/autotuner_interfaces/contexts/BaseContext_metadata.yml
Wrote /home/zach/Documents/github/FALCon/falcon-core/cpp_metadata/include/falcon_core/autotuner_interfaces/contexts/MeasurementContext_metadata.yml
Wrote /home/zach/Documents/github/FALCon/falcon-core/cpp_metadata/include/falcon_core/autotuner_interfaces/interpretations/InterpretationContainer_metadata.yml
Wrote /home/zach/Documents/github/FALCon/falcon-core/cpp_metadata/include/falcon_core/autotuner_interfaces/interpretations/InterpretationContext_metadata.yml
Wrote /home/zach/Documents/github/FALCon/falcon-core/cpp_metadata/include/falcon_core/autotuner_interfaces/names/Channel_metadata.yml
Wrote /home/zach/Documents/github/FALCon/falcon-core/cpp_metadata/include/falcon_core/autotuner_interfaces/names/Channels_metadata.yml
Wrote /home/zach/Documents/github/FALCon/falcon-core/cpp_metadata/include/falcon_core/autotuner_interfaces/names/Gname_metadata.yml
Wrote /home/zach/Documents/github/FALCon/falcon-core/cpp_metadata/include/falcon_core/autotuner_interfaces/names/NameBase_metadata.yml
Wrote /home/zach/Documents/github/FALCon/falcon-core/cpp_metadata/include/falcon_core/communications/HDF5Data_metadata.yml
Wrote /home/zach/Documents/github/FALCon/falcon-core/cpp_metadata/include/falcon_core/communications/Time_metadata.yml
Wrote /home/zach/Documents/github/FALCon/falcon-core/cpp_metadata/include/falcon_core/communications/voltage_states/DeviceVoltageStates_metadata.yml
Wrote /home/zach/Documents/github/FALCon/falcon-core/cpp_metadata/include/falcon_core/generic/FArray_metadata.yml
Wrote /home/zach/Documents/github/FALCon/falcon-core/cpp_metadata/include/falcon_core/generic/List_metadata.yml
Wrote /home/zach/Documents/github/FALCon/falcon-core/cpp_metadata/include/falcon_core/generic/Map_metadata.yml
Wrote /home/zach/Documents/github/FALCon/falcon-core/cpp_metadata/include/falcon_core/generic/Pair_metadata.yml
Wrote /home/zach/Documents/github/FALCon/falcon-core/cpp_metadata/include/falcon_core/generic/Song_metadata.yml
Wrote /home/zach/Documents/github/FALCon/falcon-core/cpp_metadata/include/falcon_core/instrument_interfaces/Waveform_metadata.yml
Wrote /home/zach/Documents/github/FALCon/falcon-core/cpp_metadata/include/falcon_core/instrument_interfaces/names/InstrumentPort_metadata.yml
Wrote /home/zach/Documents/github/FALCon/falcon-core/cpp_metadata/include/falcon_core/instrument_interfaces/names/Ports_metadata.yml
Wrote /home/zach/Documents/github/FALCon/falcon-core/cpp_metadata/include/falcon_core/instrument_interfaces/port_transforms/PortTransform_metadata.yml
Wrote /home/zach/Documents/github/FALCon/falcon-core/cpp_metadata/include/falcon_core/instrument_interfaces/port_transforms/PortTransforms_metadata.yml
Wrote /home/zach/Documents/github/FALCon/falcon-core/cpp_metadata/include/falcon_core/math/AnalyticFunction_metadata.yml
Wrote /home/zach/Documents/github/FALCon/falcon-core/cpp_metadata/include/falcon_core/math/Axes_metadata.yml
Wrote /home/zach/Documents/github/FALCon/falcon-core/cpp_metadata/include/falcon_core/math/Point_metadata.yml
Wrote /home/zach/Documents/github/FALCon/falcon-core/cpp_metadata/include/falcon_core/math/Quantity_metadata.yml
Wrote /home/zach/Documents/github/FALCon/falcon-core/cpp_metadata/include/falcon_core/math/Sign_metadata.yml
Wrote /home/zach/Documents/github/FALCon/falcon-core/cpp_metadata/include/falcon_core/math/UnitSpace_metadata.yml
Wrote /home/zach/Documents/github/FALCon/falcon-core/cpp_metadata/include/falcon_core/math/Vector_metadata.yml
Wrote /home/zach/Documents/github/FALCon/falcon-core/cpp_metadata/include/falcon_core/math/arrays/ControlArray_metadata.yml
Wrote /home/zach/Documents/github/FALCon/falcon-core/cpp_metadata/include/falcon_core/math/arrays/ControlArray1D_metadata.yml
Wrote /home/zach/Documents/github/FALCon/falcon-core/cpp_metadata/include/falcon_core/math/arrays/IncreasingAlignment_metadata.yml
Wrote /home/zach/Documents/github/FALCon/falcon-core/cpp_metadata/include/falcon_core/math/arrays/Is1D_metadata.yml
Wrote /home/zach/Documents/github/FALCon/falcon-core/cpp_metadata/include/falcon_core/math/arrays/IsControl_metadata.yml
Wrote /home/zach/Documents/github/FALCon/falcon-core/cpp_metadata/include/falcon_core/math/arrays/IsLabelled_metadata.yml
Wrote /home/zach/Documents/github/FALCon/falcon-core/cpp_metadata/include/falcon_core/math/arrays/LabelledArrays_metadata.yml
Wrote /home/zach/Documents/github/FALCon/falcon-core/cpp_metadata/include/falcon_core/math/arrays/LabelledControlArray_metadata.yml
Wrote /home/zach/Documents/github/FALCon/falcon-core/cpp_metadata/include/falcon_core/math/arrays/LabelledControlArray1D_metadata.yml
Wrote /home/zach/Documents/github/FALCon/falcon-core/cpp_metadata/include/falcon_core/math/arrays/LabelledMeasuredArray_metadata.yml
Wrote /home/zach/Documents/github/FALCon/falcon-core/cpp_metadata/include/falcon_core/math/arrays/LabelledMeasuredArray1D_metadata.yml
Wrote /home/zach/Documents/github/FALCon/falcon-core/cpp_metadata/include/falcon_core/math/arrays/MeasuredArray_metadata.yml
Wrote /home/zach/Documents/github/FALCon/falcon-core/cpp_metadata/include/falcon_core/math/arrays/MeasuredArray1D_metadata.yml
Wrote /home/zach/Documents/github/FALCon/falcon-core/cpp_metadata/include/falcon_core/math/discrete_spaces/DiscreteSpace_metadata.yml
Wrote /home/zach/Documents/github/FALCon/falcon-core/cpp_metadata/include/falcon_core/math/discrete_spaces/Discretizer_metadata.yml
Wrote /home/zach/Documents/github/FALCon/falcon-core/cpp_metadata/include/falcon_core/math/domains/CoupledLabelledDomain_metadata.yml
Wrote /home/zach/Documents/github/FALCon/falcon-core/cpp_metadata/include/falcon_core/math/domains/Domain_metadata.yml
Wrote /home/zach/Documents/github/FALCon/falcon-core/cpp_metadata/include/falcon_core/math/domains/LabelledDomain_metadata.yml
Wrote /home/zach/Documents/github/FALCon/falcon-core/cpp_metadata/include/falcon_core/physics/config/ConfigManipulations_metadata.yml
Wrote /home/zach/Documents/github/FALCon/falcon-core/cpp_metadata/include/falcon_core/physics/config/Loader_metadata.yml
Wrote /home/zach/Documents/github/FALCon/falcon-core/cpp_metadata/include/falcon_core/physics/config/core/Adjacency_metadata.yml
Wrote /home/zach/Documents/github/FALCon/falcon-core/cpp_metadata/include/falcon_core/physics/config/core/Config_metadata.yml
Wrote /home/zach/Documents/github/FALCon/falcon-core/cpp_metadata/include/falcon_core/physics/config/core/Group_metadata.yml
Wrote /home/zach/Documents/github/FALCon/falcon-core/cpp_metadata/include/falcon_core/physics/config/core/StandardConfigConnections_metadata.yml
Wrote /home/zach/Documents/github/FALCon/falcon-core/cpp_metadata/include/falcon_core/physics/config/core/VoltageConstraints_metadata.yml
Wrote /home/zach/Documents/github/FALCon/falcon-core/cpp_metadata/include/falcon_core/physics/config/geometries/DotGatesWithNeighbors_metadata.yml
Wrote /home/zach/Documents/github/FALCon/falcon-core/cpp_metadata/include/falcon_core/physics/config/geometries/GateGeometryArray1D_metadata.yml
Wrote /home/zach/Documents/github/FALCon/falcon-core/cpp_metadata/include/falcon_core/physics/config/geometries/HasImplantedOhmic_metadata.yml
Wrote /home/zach/Documents/github/FALCon/falcon-core/cpp_metadata/include/falcon_core/physics/config/geometries/HasLeftNeighbor_metadata.yml
Wrote /home/zach/Documents/github/FALCon/falcon-core/cpp_metadata/include/falcon_core/physics/config/geometries/HasRightNeighbor_metadata.yml
Wrote /home/zach/Documents/github/FALCon/falcon-core/cpp_metadata/include/falcon_core/physics/config/geometries/LeftReservoirWithImplantedOhmic_metadata.yml
Wrote /home/zach/Documents/github/FALCon/falcon-core/cpp_metadata/include/falcon_core/physics/config/geometries/RightReservoirWithImplantedOhmic_metadata.yml
Wrote /home/zach/Documents/github/FALCon/falcon-core/cpp_metadata/include/falcon_core/physics/device_structures/Connection_metadata.yml
Wrote /home/zach/Documents/github/FALCon/falcon-core/cpp_metadata/include/falcon_core/physics/device_structures/Connections_metadata.yml
Wrote /home/zach/Documents/github/FALCon/falcon-core/cpp_metadata/include/falcon_core/physics/device_structures/GateRelations_metadata.yml
Wrote /home/zach/Documents/github/FALCon/falcon-core/cpp_metadata/include/falcon_core/physics/device_structures/Impedance_metadata.yml
Wrote /home/zach/Documents/github/FALCon/falcon-core/cpp_metadata/include/falcon_core/physics/device_structures/Impedances_metadata.yml
Wrote /home/zach/Documents/github/FALCon/falcon-core/cpp_metadata/include/falcon_core/physics/units/Prefix_metadata.yml
Wrote /home/zach/Documents/github/FALCon/falcon-core/cpp_metadata/include/falcon_core/physics/units/SymbolUnit_metadata.yml
Wrote /home/zach/Documents/github/FALCon/falcon-core/cpp_metadata/include/falcon_core/physics/units/Unit_metadata.yml
Wrote /home/zach/Documents/github/FALCon/falcon-core/cpp_metadata/include/falcon_core/autotuner_interfaces/contexts/AcquisitionContext_metadata.yml
Wrote /home/zach/Documents/github/FALCon/falcon-core/cpp_metadata/include/falcon_core/autotuner_interfaces/contexts/BaseContext_metadata.yml
Wrote /home/zach/Documents/github/FALCon/falcon-core/cpp_metadata/include/falcon_core/autotuner_interfaces/contexts/MeasurementContext_metadata.yml
Wrote /home/zach/Documents/github/FALCon/falcon-core/cpp_metadata/include/falcon_core/autotuner_interfaces/interpretations/InterpretationContainer_metadata.yml
Wrote /home/zach/Documents/github/FALCon/falcon-core/cpp_metadata/include/falcon_core/autotuner_interfaces/interpretations/InterpretationContext_metadata.yml
Wrote /home/zach/Documents/github/FALCon/falcon-core/cpp_metadata/include/falcon_core/autotuner_interfaces/names/Channel_metadata.yml
Wrote /home/zach/Documents/github/FALCon/falcon-core/cpp_metadata/include/falcon_core/autotuner_interfaces/names/Channels_metadata.yml
Wrote /home/zach/Documents/github/FALCon/falcon-core/cpp_metadata/include/falcon_core/autotuner_interfaces/names/Gname_metadata.yml
Wrote /home/zach/Documents/github/FALCon/falcon-core/cpp_metadata/include/falcon_core/autotuner_interfaces/names/NameBase_metadata.yml
Wrote /home/zach/Documents/github/FALCon/falcon-core/cpp_metadata/include/falcon_core/communications/HDF5Data_metadata.yml
Wrote /home/zach/Documents/github/FALCon/falcon-core/cpp_metadata/include/falcon_core/communications/Time_metadata.yml
Wrote /home/zach/Documents/github/FALCon/falcon-core/cpp_metadata/include/falcon_core/communications/voltage_states/DeviceVoltageStates_metadata.yml
Wrote /home/zach/Documents/github/FALCon/falcon-core/cpp_metadata/include/falcon_core/generic/FArray_metadata.yml
Wrote /home/zach/Documents/github/FALCon/falcon-core/cpp_metadata/include/falcon_core/generic/List_metadata.yml
Wrote /home/zach/Documents/github/FALCon/falcon-core/cpp_metadata/include/falcon_core/generic/Map_metadata.yml
Wrote /home/zach/Documents/github/FALCon/falcon-core/cpp_metadata/include/falcon_core/generic/Pair_metadata.yml
Wrote /home/zach/Documents/github/FALCon/falcon-core/cpp_metadata/include/falcon_core/generic/Song_metadata.yml
Wrote /home/zach/Documents/github/FALCon/falcon-core/cpp_metadata/include/falcon_core/instrument_interfaces/Waveform_metadata.yml
Wrote /home/zach/Documents/github/FALCon/falcon-core/cpp_metadata/include/falcon_core/instrument_interfaces/names/InstrumentPort_metadata.yml
Wrote /home/zach/Documents/github/FALCon/falcon-core/cpp_metadata/include/falcon_core/instrument_interfaces/names/Ports_metadata.yml
Wrote /home/zach/Documents/github/FALCon/falcon-core/cpp_metadata/include/falcon_core/instrument_interfaces/port_transforms/PortTransform_metadata.yml
Wrote /home/zach/Documents/github/FALCon/falcon-core/cpp_metadata/include/falcon_core/instrument_interfaces/port_transforms/PortTransforms_metadata.yml
Wrote /home/zach/Documents/github/FALCon/falcon-core/cpp_metadata/include/falcon_core/math/AnalyticFunction_metadata.yml
Wrote /home/zach/Documents/github/FALCon/falcon-core/cpp_metadata/include/falcon_core/math/Axes_metadata.yml
Wrote /home/zach/Documents/github/FALCon/falcon-core/cpp_metadata/include/falcon_core/math/Point_metadata.yml
Wrote /home/zach/Documents/github/FALCon/falcon-core/cpp_metadata/include/falcon_core/math/Quantity_metadata.yml
Wrote /home/zach/Documents/github/FALCon/falcon-core/cpp_metadata/include/falcon_core/math/Sign_metadata.yml
Wrote /home/zach/Documents/github/FALCon/falcon-core/cpp_metadata/include/falcon_core/math/UnitSpace_metadata.yml
Wrote /home/zach/Documents/github/FALCon/falcon-core/cpp_metadata/include/falcon_core/math/Vector_metadata.yml
Wrote /home/zach/Documents/github/FALCon/falcon-core/cpp_metadata/include/falcon_core/math/arrays/ControlArray_metadata.yml
Wrote /home/zach/Documents/github/FALCon/falcon-core/cpp_metadata/include/falcon_core/math/arrays/ControlArray1D_metadata.yml
Wrote /home/zach/Documents/github/FALCon/falcon-core/cpp_metadata/include/falcon_core/math/arrays/IncreasingAlignment_metadata.yml
Wrote /home/zach/Documents/github/FALCon/falcon-core/cpp_metadata/include/falcon_core/math/arrays/Is1D_metadata.yml
Wrote /home/zach/Documents/github/FALCon/falcon-core/cpp_metadata/include/falcon_core/math/arrays/IsControl_metadata.yml
Wrote /home/zach/Documents/github/FALCon/falcon-core/cpp_metadata/include/falcon_core/math/arrays/IsLabelled_metadata.yml
Wrote /home/zach/Documents/github/FALCon/falcon-core/cpp_metadata/include/falcon_core/math/arrays/LabelledArrays_metadata.yml
Wrote /home/zach/Documents/github/FALCon/falcon-core/cpp_metadata/include/falcon_core/math/arrays/LabelledControlArray_metadata.yml
Wrote /home/zach/Documents/github/FALCon/falcon-core/cpp_metadata/include/falcon_core/math/arrays/LabelledControlArray1D_metadata.yml
Wrote /home/zach/Documents/github/FALCon/falcon-core/cpp_metadata/include/falcon_core/math/arrays/LabelledMeasuredArray_metadata.yml
Wrote /home/zach/Documents/github/FALCon/falcon-core/cpp_metadata/include/falcon_core/math/arrays/LabelledMeasuredArray1D_metadata.yml
Wrote /home/zach/Documents/github/FALCon/falcon-core/cpp_metadata/include/falcon_core/math/arrays/MeasuredArray_metadata.yml
Wrote /home/zach/Documents/github/FALCon/falcon-core/cpp_metadata/include/falcon_core/math/arrays/MeasuredArray1D_metadata.yml
Wrote /home/zach/Documents/github/FALCon/falcon-core/cpp_metadata/include/falcon_core/math/discrete_spaces/DiscreteSpace_metadata.yml
Wrote /home/zach/Documents/github/FALCon/falcon-core/cpp_metadata/include/falcon_core/math/discrete_spaces/Discretizer_metadata.yml
Wrote /home/zach/Documents/github/FALCon/falcon-core/cpp_metadata/include/falcon_core/math/domains/CoupledLabelledDomain_metadata.yml
Wrote /home/zach/Documents/github/FALCon/falcon-core/cpp_metadata/include/falcon_core/math/domains/Domain_metadata.yml
Wrote /home/zach/Documents/github/FALCon/falcon-core/cpp_metadata/include/falcon_core/math/domains/LabelledDomain_metadata.yml
Wrote /home/zach/Documents/github/FALCon/falcon-core/cpp_metadata/include/falcon_core/physics/config/ConfigManipulations_metadata.yml
Wrote /home/zach/Documents/github/FALCon/falcon-core/cpp_metadata/include/falcon_core/physics/config/Loader_metadata.yml
Wrote /home/zach/Documents/github/FALCon/falcon-core/cpp_metadata/include/falcon_core/physics/config/core/Adjacency_metadata.yml
Wrote /home/zach/Documents/github/FALCon/falcon-core/cpp_metadata/include/falcon_core/physics/config/core/Config_metadata.yml
Wrote /home/zach/Documents/github/FALCon/falcon-core/cpp_metadata/include/falcon_core/physics/config/core/Group_metadata.yml
Wrote /home/zach/Documents/github/FALCon/falcon-core/cpp_metadata/include/falcon_core/physics/config/core/StandardConfigConnections_metadata.yml
Wrote /home/zach/Documents/github/FALCon/falcon-core/cpp_metadata/include/falcon_core/physics/config/core/VoltageConstraints_metadata.yml
Wrote /home/zach/Documents/github/FALCon/falcon-core/cpp_metadata/include/falcon_core/physics/config/geometries/DotGatesWithNeighbors_metadata.yml
Wrote /home/zach/Documents/github/FALCon/falcon-core/cpp_metadata/include/falcon_core/physics/config/geometries/GateGeometryArray1D_metadata.yml
Wrote /home/zach/Documents/github/FALCon/falcon-core/cpp_metadata/include/falcon_core/physics/config/geometries/HasImplantedOhmic_metadata.yml
Wrote /home/zach/Documents/github/FALCon/falcon-core/cpp_metadata/include/falcon_core/physics/config/geometries/HasLeftNeighbor_metadata.yml
Wrote /home/zach/Documents/github/FALCon/falcon-core/cpp_metadata/include/falcon_core/physics/config/geometries/HasRightNeighbor_metadata.yml
Wrote /home/zach/Documents/github/FALCon/falcon-core/cpp_metadata/include/falcon_core/physics/config/geometries/LeftReservoirWithImplantedOhmic_metadata.yml
Wrote /home/zach/Documents/github/FALCon/falcon-core/cpp_metadata/include/falcon_core/physics/config/geometries/RightReservoirWithImplantedOhmic_metadata.yml
Wrote /home/zach/Documents/github/FALCon/falcon-core/cpp_metadata/include/falcon_core/physics/device_structures/Connection_metadata.yml
Wrote /home/zach/Documents/github/FALCon/falcon-core/cpp_metadata/include/falcon_core/physics/device_structures/Connections_metadata.yml
Wrote /home/zach/Documents/github/FALCon/falcon-core/cpp_metadata/include/falcon_core/physics/device_structures/GateRelations_metadata.yml
Wrote /home/zach/Documents/github/FALCon/falcon-core/cpp_metadata/include/falcon_core/physics/device_structures/Impedance_metadata.yml
Wrote /home/zach/Documents/github/FALCon/falcon-core/cpp_metadata/include/falcon_core/physics/device_structures/Impedances_metadata.yml
Wrote /home/zach/Documents/github/FALCon/falcon-core/cpp_metadata/include/falcon_core/physics/units/Prefix_metadata.yml
Wrote /home/zach/Documents/github/FALCon/falcon-core/cpp_metadata/include/falcon_core/physics/units/SymbolUnit_metadata.yml
Wrote /home/zach/Documents/github/FALCon/falcon-core/cpp_metadata/include/falcon_core/physics/units/Unit_metadata.yml
